[www.app-vruuum.com.br/index.html]
[cryptoguess.co/index.html]
[rezoom.com.br/index.html]
[www.pulldesign.com.br/index.html]
[www.multibot.com.br/index.html]
[backblue.gif]
[fade.gif]
[index.html]
[www.multibot.com.br/media/img/multibot-og.png]
[www.multibot.com.br/favicon.ico]
[www.multibot.com.br/media/css/bootstrap.min28b8.css]
[www.multibot.com.br/lib/font-awesome/css/font-awesome.min28b8.css]
[www.multibot.com.br/media/css/pto28b8.css]
[www.multibot.com.br/media/css/style28b8.css]
[www.multibot.com.br/lib/jquery/jquery-1.11.0.min28b8.js]
[www.multibot.com.br/media/js/bootstrap.min28b8.js]
[www.multibot.com.br/media/css/img/logo-branco.png]
[www.multibot.com.br/conheca.html]
[www.multibot.com.br/planos.html]
[www.multibot.com.br/blog.html]
[www.multibot.com.br/contato.html]
[www.multibot.com.br/cadastro.html]
[www.multibot.com.br/media/css/img/home1.jpg]
[www.multibot.com.br/media/img/mensagens2.png]
[www.multibot.com.br/media/img/mensagens-mobile2.png]
[www.multibot.com.br/multi.html]
[www.multibot.com.br/sobre.html]
[www.multibot.com.br/media/css/img/logo-roxo.png]
[www.multibot.com.br/termos.html]
[connect.facebook.net/pt_BR/sdk.js]
[client.crisp.chat/l.js]
[www.google-analytics.com/analytics.js]
[connect.facebook.net/en_US/fbevents.js]
[www.facebook.com/tr2739.gif]
[www.multibot.com.br/index.html]
[rec.smartlook.com/recorder.js]
[app-vruuum.com.br/assets/images/logo/logo-graf.png]
[www.app-vruuum.com.br/favicon.ico]
[fonts.googleapis.com/cssea9f.css]
[fonts.googleapis.com/cssf519.css]
[www.app-vruuum.com.br/assets/plugins/bootstrap/css/bootstrap.min.css]
[www.app-vruuum.com.br/assets/plugins/font-awesome/css/font-awesome.css]
[www.app-vruuum.com.br/assets/plugins/flexslider/flexslider.css]
[www.app-vruuum.com.br/assets/plugins/animate-css/animate.min.css]
[www.app-vruuum.com.br/assets/css/styles.css]
[www.app-vruuum.com.br/assets/images/logo/logo-nome.png]
[www.app-vruuum.com.br/vrum-entregador/index.html]
[www.app-vruuum.com.br/assets/images/home/esqueceu.png]
[www.app-vruuum.com.br/assets/images/home/comprou.png]
[www.app-vruuum.com.br/assets/images/home/precisou.png]
[www.app-vruuum.com.br/assets/images/home/phone.png]
[www.app-vruuum.com.br/assets/images/team/miguel.png]
[www.app-vruuum.com.br/assets/images/team/rodrigo.png]
[www.app-vruuum.com.br/assets/images/press/opovo.png]
[www.app-vruuum.com.br/assets/images/press/oestado.png]
[www.app-vruuum.com.br/assets/images/press/tribuna.png]
[www.app-vruuum.com.br/assets/images/press/topo-novo.png]
[www.app-vruuum.com.br/assets/images/identidade.png]
[www.app-vruuum.com.br/assets/docs/Vruuum_Manual da Marca.pdf]
[www.app-vruuum.com.br/assets/images/press/M2D.png]
[www.app-vruuum.com.br/assets/images/press/nitryx.jpg]
[www.app-vruuum.com.br/assets/images/press/LOGO-FLEX.png]
[www.app-vruuum.com.br/assets/plugins/isMobile/isMobile.min.js]
[www.app-vruuum.com.br/assets/plugins/jquery.easing.1.3.js]
[www.app-vruuum.com.br/assets/plugins/jquery-inview/jquery.inview.min.js]
[www.app-vruuum.com.br/assets/plugins/FitVids/jquery.fitvids.js]
[www.app-vruuum.com.br/assets/plugins/bootstrap/js/bootstrap.min.js]
[www.app-vruuum.com.br/assets/plugins/jquery-scrollTo/jquery.scrollTo.min.js]
[www.app-vruuum.com.br/assets/plugins/jquery-1.12.3.min.js]
[www.app-vruuum.com.br/assets/plugins/jquery-match-height/jquery.matchHeight-min.js]
[www.app-vruuum.com.br/assets/plugins/flexslider/jquery.flexslider-min.js]
[www.app-vruuum.com.br/assets/js/main.js]
[www.app-vruuum.com.br/index.html]
[www.app-vruuum.com.br/assets/js/animations.js]
[yoseph.com.br/index.html]
[cryptoguess.co/images/favicon.png]
[cryptoguess.co/vendor/bootstrap/css/bootstrap.min.css]
[cryptoguess.co/vendor/font-awesome/css/font-awesome.min.css]
[cryptoguess.co/css/grayscale.min.css]
[cryptoguess.co/images/logo-xs.png]
[fonts.googleapis.com/cssb7b3.css]
[cryptoguess.co/index.html]
[yoseph.com.br/en/index.html]
[s1.wp.com/wp-content/plugins/custom-fonts/js/webfont.js]
[cryptoguess.co/js/bundle.js]
[rezoom.com.br/wordpress_test_cookie=test; path=/index.html]
[fonts.googleapis.com/cssd86e.css]
[s0.wp.com/wp-content/mu-plugins/global-print/global-printa1cf.css]
[fonts.googleapis.com/index.html]
[rezoom.com.br/feed/index.html]
[s0.wp.com/_static/index870b.html]
[s2.wp.com/_static/index4e97.html]
[s2.wp.com/_static/index7cc2.html]
[s1.wp.com/wp-includes/wlwmanifest.xml]
[rezoom.com.br/comments/feed/index.html]
[rezoom.com.br/osd.xml]
[s1.wp.com/opensearch.xml]
[rezoomvinidani.files.wordpress.com/2018/01/cropped-rz-c3adcone-app-276ca.png]
[rezoomvinidani.files.wordpress.com/2018/01/cropped-rz-c3adcone-app-29939.png]
[rezoomvinidani.files.wordpress.com/2018/01/cropped-rz-c3adcone-app-2ad83.png]
[rezoomvinidani.files.wordpress.com/2017/12/cropped-rz.png]
[rezoomvinidani.files.wordpress.com/2018/01/pexels-photo-556959-20734.jpg]
[rezoom.com.br/sobre/index.html]
[rezoom.com.br/blog/index.html]
[rezoomvinidani.files.wordpress.com/2017/12/pexels-photo-268964-e15145702805530734.jpg]
[rezoom.com.br/testimonial/index.html]
[rezoomvinidani.files.wordpress.com/2017/12/keyboard-1804305_1280-e15145703915030734.jpg]
[rezoomvinidani.files.wordpress.com/2018/01/teenssmartphone_custom-88cb895aee6f4c2127d2a33a27bf211a071ca5e7-s900-c85b52e.jpg]
[rezoomvinidani.files.wordpress.com/2017/12/keyboard-1804305_1280-e15145703915036329.jpg]
[rezoomvinidani.files.wordpress.com/2017/12/pexels-photo-268964-e15145702805536329.jpg]
[rezoomvinidani.files.wordpress.com/2017/12/biaa562.jpg]
[rezoomvinidani.files.wordpress.com/2017/12/cecc3adliaa562.jpg]
[rezoom.com.br/contato/index.html]
[0.gravatar.com/js/gprofiles6900.js]
[rezoom.com.br/para-uma-geracao-conectada/index.html]
[rezoom.com.br/inicio/index.html]
[s1.wp.com/wp-content/mu-plugins/gravatar-hovercards/wpgrohoc3b6.js]
[stats.wp.com/w9f61.js]
[rezoom.com.br/wp-content/plugins/ie-sitemode/custom-jumplist.php]
[rezoom.com.br/index.html]
[pixel.wp.com/b0b80.gif]
[www.multibot.com.br/media/img/conheca-painel5e1f.jpg]
[www.multibot.com.br/conheca.html]
[www.multibot.com.br/planos.html]
[www.multibot.com.br/media/img/conheca-grafico.jpg]
[www.multibot.com.br/blog/post/20/como-a-queda-da-selic-impacta-seus-investimentos.html]
[www.multibot.com.br/blog/categoria/5.html]
[www.multibot.com.br/blog/post/19/7-erros-que-investidores-iniciantes-cometem-na-bolsa-da-valores.html]
[www.multibot.com.br/uploads/blog/med/phpFGjuXP_5a2eb776033fc.jpg]
[www.multibot.com.br/blog/categoria/3.html]
[www.multibot.com.br/blog/post/18/submarino--o-segundo-robo-do-multibot.html]
[www.multibot.com.br/uploads/blog/med/php5n7HMJ_5a1dbfcd597be.jpg]
[www.multibot.com.br/blog/categoria/4.html]
[www.multibot.com.br/blog/post/17/5-vantagens-de-utilizar-um-robo-investidor.html]
[www.multibot.com.br/uploads/blog/med/phpyZcdgJ_5a0f1800705f3.jpg]
[www.multibot.com.br/blog/categoria/2.html]
[www.multibot.com.br/blog/post/16/apollo11--conheca-e-utilize-o-primeiro-robo-simulador-do-multibot.html]
[www.multibot.com.br/uploads/blog/med/phpMnzSAG_5a05e574141fa.jpg]
[www.multibot.com.br/blog/post/15/entenda-como-funciona-o-imposto-de-renda-no-mercado-de-acoes.html]
[www.multibot.com.br/uploads/blog/med/phpmoMrpf_5a05e60fae60b.jpg]
[www.multibot.com.br/blog/post/13/saiba-como-funciona-a-automacao-de-investimentos.html]
[www.multibot.com.br/uploads/blog/med/phpgkEIto_5a33ba3712a0a.jpg]
[www.multibot.com.br/blog/post/14/ibovespa-supera-71-mil-pontos-e-chega-a-nivel-historico.html]
[www.multibot.com.br/uploads/blog/med/phpCkqSbl_599f47b252deb.jpg]
[www.multibot.com.br/blog/post/8/multibot-vs-fundos-de-investimento--qual-a-diferenca.html]
[www.multibot.com.br/blog/categoria/1.html]
[www.multibot.com.br/uploads/blog/med/phpEKtqXk_59e8aa3b2ff86.jpg]
[www.multibot.com.br/blog/post/9/mais-tempo-para-o-que-importa-e-um-dos-objetivos-do-multibot-para-voce.html]
[www.multibot.com.br/blog.html]
[www.multibot.com.br/uploads/blog/med/phpReoKf2_5997c5199427d.jpg]
[www.multibot.com.br/uploads/blog/med/phpTK2gDp_5997c95e62304.jpg]
[www.multibot.com.br/media/img/twitter-logo.png]
[www.multibot.com.br/contato.html]
[www.multibot.com.br/media/img/facebook-logo.png]
[www.multibot.com.br/media/js/jquery.numeric28b8.js]
[www.multibot.com.br/cadastro.html]
[www.multibot.com.br/multi.html]
[www.multibot.com.br/sobre.html]
[www.multibot.com.br/termos.html]
[www.multibot.com.br/login.html]
[fonts.googleapis.com/cssea9f.css]
[fonts.googleapis.com/cssf519.css]
[www.app-vruuum.com.br/vrum-entregador/favicon.ico]
[www.app-vruuum.com.br/vrum-entregador/assets/plugins/bootstrap/css/bootstrap.min.css]
[www.app-vruuum.com.br/vrum-entregador/assets/plugins/font-awesome/css/font-awesome.css]
[www.app-vruuum.com.br/vrum-entregador/assets/plugins/flexslider/flexslider.css]
[www.app-vruuum.com.br/vrum-entregador/assets/plugins/animate-css/animate.min.css]
[www.app-vruuum.com.br/vrum-entregador/assets/css/styles.css]
[www.app-vruuum.com.br/vrum-entregador/assets/images/logo/logo-graf.png]
[www.app-vruuum.com.br/vrum-entregador/assets/images/logo/logo-nome.png]
[www.app-vruuum.com.br/index-2.html]
[www.app-vruuum.com.br/vrum-entregador/assets/images/home/moto.png]
[www.app-vruuum.com.br/vrum-entregador/assets/images/home/renda.png]
[www.app-vruuum.com.br/vrum-entregador/assets/images/home/trabalhar.png]
[www.app-vruuum.com.br/vrum-entregador/assets/images/home/phone.png]
[www.app-vruuum.com.br/vrum-entregador/assets/images/team/miguel.png]
[www.app-vruuum.com.br/vrum-entregador/assets/images/team/rodrigo.png]
[www.app-vruuum.com.br/vrum-entregador/assets/images/press/opovo.png]
[www.app-vruuum.com.br/vrum-entregador/assets/images/press/oestado.png]
[www.app-vruuum.com.br/vrum-entregador/assets/images/press/tribuna.png]
[www.app-vruuum.com.br/vrum-entregador/assets/images/press/topo-novo.png]
[www.app-vruuum.com.br/vrum-entregador/assets/images/identidade.png]
[www.app-vruuum.com.br/vrum-entregador/assets/images/press/M2D.png]
[www.app-vruuum.com.br/vrum-entregador/assets/images/press/nitryx.jpg]
[www.app-vruuum.com.br/vrum-entregador/assets/images/press/LOGO-FLEX.png]
[www.app-vruuum.com.br/vrum-entregador/assets/plugins/isMobile/isMobile.min.js]
[www.app-vruuum.com.br/vrum-entregador/assets/plugins/jquery.easing.1.3.js]
[www.app-vruuum.com.br/vrum-entregador/assets/plugins/jquery-inview/jquery.inview.min.js]
[www.app-vruuum.com.br/vrum-entregador/assets/plugins/bootstrap/js/bootstrap.min.js]
[www.app-vruuum.com.br/vrum-entregador/assets/plugins/FitVids/jquery.fitvids.js]
[www.app-vruuum.com.br/vrum-entregador/assets/plugins/jquery-1.12.3.min.js]
[www.app-vruuum.com.br/vrum-entregador/assets/plugins/jquery-scrollTo/jquery.scrollTo.min.js]
[www.app-vruuum.com.br/vrum-entregador/assets/plugins/flexslider/jquery.flexslider-min.js]
[www.app-vruuum.com.br/vrum-entregador/assets/plugins/jquery-match-height/jquery.matchHeight-min.js]
[www.app-vruuum.com.br/vrum-entregador/assets/js/main.js]
[www.app-vruuum.com.br/vrum-entregador/index.html]
[www.app-vruuum.com.br/vrum-entregador/assets/js/animations.js]
[yoseph.com.br/wp-content/plugins/revslider/public/assets/css/settings8ab9.css]
[yoseph.com.br/wp-content/plugins/qtranslate-slug/assets/css/qts-defaultee45.css]
[yoseph.com.br/en/feed/index.html]
[fonts.googleapis.com/cssc0e7.css]
[yoseph.com.br/wp-content/plugins/js_composer/assets/css/js_composer.min7752.css]
[yoseph.com.br/wp-content/themes/dt-the7/css/main.minc225.css]
[yoseph.com.br/wp-content/themes/dt-the7/fonts/FontAwesome/css/font-awesome.minc225.css]
[yoseph.com.br/wp-content/themes/dt-the7/fonts/fontello/css/fontello.minc225.css]
[yoseph.com.br/wp-content/themes/dt-the7/fonts/icomoon-arrows-the7/style.minc225.css]
[yoseph.com.br/wp-content/themes/dt-the7/css/post-typec225.css]
[yoseph.com.br/wp-content/uploads/wp-less/dt-the7/css/post-type-dynamic-6119bd8b9fc225.css]
[yoseph.com.br/wp-content/uploads/wp-less/dt-the7/css/media-6119bd8b9fc225.css]
[yoseph.com.br/wp-content/uploads/wp-less/dt-the7/css/custom-6119bd8b9fc225.css]
[yoseph.com.br/wp-content/themes/dt-the7/stylec225.css]
[yoseph.com.br/wp-content/uploads/smile_fonts/Defaults/Defaultsee45.css]
[yoseph.com.br/wp-content/plugins/Ultimate_VC_Addons/assets/min-css/style.mina826.css]
[yoseph.com.br/wp-content/plugins/Ultimate_VC_Addons/assets/min-css/slick.mina826.css]
[yoseph.com.br/wp-content/plugins/Ultimate_VC_Addons/assets/css/iconsa826.css]
[yoseph.com.br/wp-content/plugins/Ultimate_VC_Addons/assets/min-css/animate.mina826.css]
[yoseph.com.br/wp-includes/js/jquery/jquery-migrate.min330a.js]
[yoseph.com.br/wp-content/plugins/revslider/public/assets/js/jquery.themepunch.revolution.min8ab9.js]
[yoseph.com.br/wp-includes/js/jquery/jqueryb8ff.js]
[yoseph.com.br/wp-content/plugins/Ultimate_VC_Addons/assets/min-js/ultimate-params.mina826.js]
[yoseph.com.br/wp-content/themes/dt-the7/js/above-the-fold.minc225.js]
[yoseph.com.br/wp-content/plugins/revslider/public/assets/js/jquery.themepunch.tools.min8ab9.js]
[yoseph.com.br/wp-content/plugins/Ultimate_VC_Addons/assets/min-js/jquery-appear.mina826.js]
[yoseph.com.br/wp-content/plugins/Ultimate_VC_Addons/assets/min-js/slick-custom.mina826.js]
[yoseph.com.br/wp-content/plugins/Ultimate_VC_Addons/assets/min-js/slick.mina826.js]
[yoseph.com.br/xmlrpc0db0.php]
[yoseph.com.br/wp-includes/wlwmanifest.xml]
[yoseph.com.br/en/wp-json/index.html]
[yoseph.com.br/en/wp-json/oembed/1.0/embed0b64.json]
[yoseph.com.br/en/wp-json/oembed/1.0/embedd200]
[yoseph.com.br/wp-content/uploads/2017/10/flor.png]
[yoseph.com.br/wp-content/plugins/qtranslate-x/flags/br.png]
[yoseph.com.br/wp-content/plugins/qtranslate-x/flags/gb.png]
[yoseph.com.br/wp-content/uploads/2017/09/ic_logo_nav.png]
[fonts.googleapis.com/cssd940.css]
[yoseph.com.br/en/be-a-partner/index.html]
[yoseph.com.br/wp-content/uploads/revslider/home/fundo-topo.jpg]
[yoseph.com.br/wp-content/uploads/revslider/home/mao.png]
[yoseph.com.br/en/about-us/index.html]
[yoseph.com.br/wp-content/uploads/2017/09/DWS-2074-Startup-Badge-ALPHA-05-1.png]
[yoseph.com.br/en/register-your-ngo/index.html]
[yoseph.com.br/wp-content/uploads/2017/09/icone1.jpg]
[yoseph.com.br/wp-content/uploads/2017/09/icone2-1.jpg]
[yoseph.com.br/wp-content/uploads/2017/09/icone3.jpg]
[yoseph.com.br/wp-content/uploads/2017/09/gaar.jpg]
[yoseph.com.br/wp-content/uploads/2017/09/boldrini.jpg]
[yoseph.com.br/en/how-it-works/index.html]
[yoseph.com.br/wp-content/uploads/2017/09/logo-rodape.png]
[yoseph.com.br/wp-content/plugins/js_composer/assets/lib/bower/font-awesome/css/font-awesome.min7752.css]
[yoseph.com.br/wp-content/themes/dt-the7/js/main.minc225.js]
[yoseph.com.br/en/our-nogs/index.html]
[yoseph.com.br/wp-content/plugins/scroll-to-anchor/js/scroll-to-anchor.minee45.js]
[yoseph.com.br/en/blog/index.html]
[yoseph.com.br/wp-content/themes/dt-the7/js/post-typec225.js]
[yoseph.com.br/wp-includes/js/wp-embed.minee45.js]
[yoseph.com.br/en/index.html]
[yoseph.com.br/wp-content/plugins/js_composer/assets/js/dist/js_composer_front.min7752.js]
[yoseph.com.br/en/user-support/index.html]
[fonts.googleapis.com/cssb7b3.css]
[gmpg.org/xfn/11.html]
[rezoom.com.br/wordpress_test_cookie=test; path=/index.html]
[s2.wp.com/index.html]
[s0.wp.com/index.html]
[rezoomvinidani.wordpress.com/index.html]
[s1.wp.com/index.html]
[fonts.googleapis.com/index.html]
[s0.wp.com/_static/index870b.html]
[fonts.googleapis.com/cssd86e.css]
[s2.wp.com/_static/index4e97.html]
[s2.wp.com/_static/index7cc2.html]
[rezoomvinidani.wordpress.com/xmlrpc0db0.html]
[rezoomvinidani.files.wordpress.com/2017/12/disney-fox4a80.jpg]
[s0.wp.com/_static/indexa77b.html]
[rezoom.com.br/blog/wordpress_test_cookie=test; path=/index.html]
[rezoomvinidani.files.wordpress.com/2017/12/iss4a80.jpg]
[rezoomvinidani.files.wordpress.com/2017/12/estudantesa699.jpg]
[s1.wp.com/_static/index4f1b.html]
[rezoomvinidani.files.wordpress.com/2017/12/bombany4a80.jpg]
[rezoomvinidani.files.wordpress.com/2017/12/psdb041-e15129313748734a80.jpg]
[rezoomvinidani.files.wordpress.com/2017/12/cadeia-2f350.jpg]
[rezoomvinidani.files.wordpress.com/2017/12/foto-mobile4a80.jpg]
[s1.wp.com/wp-content/mu-plugins/carousel/jetpack-carousel5243.css]
[s2.wp.com/_static/indexa263.html]
[rezoom.com.br/2017/12/14/sexta-feira-15-de-dezembro/index.html]
[rezoom.com.br/category/sem-categoria/index.html]
[rezoom.com.br/author/canalrezoom/index.html]
[rezoom.com.br/2017/12/13/quinta-feira-14-de-dezembro/index.html]
[rezoom.com.br/2017/12/12/156/index.html]
[s1.wp.com/wp-content/mu-plugins/responsive-videos/responsive-videos3554.css]
[rezoom.com.br/blog/index.html]
[rezoom.com.br/2017/12/11/terca-feira-12-de-dezembro/index.html]
[rezoom.com.br/2017/12/10/rezoom-de-segunda-feira-dia-10-de-dezembro/index.html]
[rezoom.com.br/author/vipinheiro/index.html]
[rezoom.com.br/2017/12/02/rio-40-graus/index.html]
[rezoom.com.br/category/boletins/index.html]
[rezoom.com.br/sobre/wordpress_test_cookie=test; path=/index.html]
[rezoom.com.br/2017/10/01/noticias-para-uma-geracao-conectada/index.html]
[rezoom.com.br/sobre/index.html]
[rezoomvinidani.files.wordpress.com/2018/01/mc3a1quina-antiga9b31.jpg]
[rezoom.com.br/testimonial/wordpress_test_cookie=test; path=/index.html]
[rezoomvinidani.files.wordpress.com/2018/01/tc3aanis-rosa9b31.jpg]
[rezoom.com.br/testimonial/index.html]
[rezoom.com.br/contato/wordpress_test_cookie=test; path=/index.html]
[rezoomvinidani.files.wordpress.com/2017/12/pexels-photo-268964-e15145702805539b31.jpg]
[rezoom.com.br/contato/index.html]
[s0.wp.com/wp-content/mu-plugins/grunion-contact-form/css/grunion95bd.css]
[rezoom.com.br/para-uma-geracao-conectada/wordpress_test_cookie=test; path=/index.html]
[rezoomvinidani.files.wordpress.com/2018/01/pexels-photo-556959-29b31.jpg]
[rezoom.com.br/para-uma-geracao-conectada/index.html]
[rezoomvinidani.files.wordpress.com/2017/12/leitura-de-jornais-023b4a.png]
[rezoom.com.br/inicio/wordpress_test_cookie=test; path=/index.html]
[rezoom.com.br/inicio/index.html]
[rezoomvinidani.files.wordpress.com/2017/12/keyboard-1804305_1280-e15145703915039b31.jpg]
[www.multibot.com.br/media/img/banner-infografico.png]
[www.arquivos.vwi.com.br/Multibot/infografico-imposto-de-renda.pdf]
[www.multibot.com.br/media/img/modal-infografico.jpg]
[www.multibot.com.br/blog/post/20/como-a-queda-da-selic-impacta-seus-investimentos.html]
[www.multibot.com.br/blog/post/20.html]
[www.multibot.com.br/blog/categoria/5.html]
[www.multibot.com.br/uploads/blog/max/phpFGjuXP_5a2eb776033fc.jpg]
[www.multibot.com.br/uploads/blog/min/phpCkqSbl_599f47b252deb.jpg]
[www.multibot.com.br/uploads/blog/min/phpgkEIto_5a33ba3712a0a.jpg]
[www.multibot.com.br/blog/post/19/7-erros-que-investidores-iniciantes-cometem-na-bolsa-da-valores.html]
[www.multibot.com.br/blog/post/19.html]
[www.multibot.com.br/blog/post/15.html]
[www.multibot.com.br/blog/post/14.html]
[www.multibot.com.br/blog/categoria/3.html]
[www.multibot.com.br/uploads/blog/max/php5n7HMJ_5a1dbfcd597be.jpg]
[www.arquivos.vwi.com.br/Multibot/grafico-estrategia-correcao-post.png]
[www.multibot.com.br/uploads/blog/min/phpmoMrpf_5a05e60fae60b.jpg]
[www.multibot.com.br/blog/post/18/submarino--o-segundo-robo-do-multibot.html]
[www.multibot.com.br/uploads/blog/max/phpyZcdgJ_5a0f1800705f3.jpg]
[www.multibot.com.br/blog/post/18.html]
[www.multibot.com.br/blog/categoria/4.html]
[www.multibot.com.br/blog/post/16.html]
[www.multibot.com.br/blog/post/17/5-vantagens-de-utilizar-um-robo-investidor.html]
[www.multibot.com.br/blog/post/17.html]
[www.multibot.com.br/uploads/blog/min/phpEKtqXk_59e8aa3b2ff86.jpg]
[www.multibot.com.br/uploads/blog/max/phpMnzSAG_5a05e574141fa.jpg]
[www.multibot.com.br/blog/categoria/2.html]
[www.multibot.com.br/blog/post/13.html]
[www.multibot.com.br/blog/post/16/apollo11--conheca-e-utilize-o-primeiro-robo-simulador-do-multibot.html]
[www.arquivos.vwi.com.br/newsletter/darf.png]
[www.arquivos.vwi.com.br/Multibot/previa-infografico-ir-multibot.png]
[www.multibot.com.br/uploads/blog/min/phpyZcdgJ_5a0f1800705f3.jpg]
[www.multibot.com.br/uploads/blog/min/php5n7HMJ_5a1dbfcd597be.jpg]
[www.multibot.com.br/blog/post/15/entenda-como-funciona-o-imposto-de-renda-no-mercado-de-acoes.html]
[www.multibot.com.br/uploads/blog/max/phpmoMrpf_5a05e60fae60b.jpg]
[www.multibot.com.br/uploads/blog/min/phpMnzSAG_5a05e574141fa.jpg]
[www.multibot.com.br/blog/post/13/saiba-como-funciona-a-automacao-de-investimentos.html]
[www.multibot.com.br/blog/post/14/ibovespa-supera-71-mil-pontos-e-chega-a-nivel-historico.html]
[www.multibot.com.br/uploads/blog/max/phpgkEIto_5a33ba3712a0a.jpg]
[www.multibot.com.br/uploads/blog/max/phpCkqSbl_599f47b252deb.jpg]
[www.multibot.com.br/blog/post/8/multibot-vs-fundos-de-investimento--qual-a-diferenca.html]
[www.multibot.com.br/uploads/blog/min/phpTK2gDp_5997c95e62304.jpg]
[www.multibot.com.br/blog/post/8.html]
[www.multibot.com.br/blog/categoria/1.html]
[www.multibot.com.br/blog/post/9.html]
[www.multibot.com.br/blog/post/9/mais-tempo-para-o-que-importa-e-um-dos-objetivos-do-multibot-para-voce.html]
[www.multibot.com.br/uploads/blog/min/phpReoKf2_5997c5199427d.jpg]
[www.multibot.com.br/login.html]
[www.app-vruuum.com.br/index-2.html]
[yoseph.com.br/xmlrpc.php]
[s.w.org/index.html]
[fonts.googleapis.com/cssc0e7.css]
[www.multibot.com.br/uploads/blog/max/phpReoKf2_5997c5199427d.jpg]
[yoseph.com.br/wp-content/plugins/gravityforms/css/formreset.min5bf8.css]
[yoseph.com.br/wp-content/plugins/gravityforms/css/formsmain.min5bf8.css]
[yoseph.com.br/wp-content/plugins/gravityforms/css/readyclass.min5bf8.css]
[yoseph.com.br/wp-content/plugins/gravityforms/css/browsers.min5bf8.css]
[www.multibot.com.br/uploads/blog/max/phpTK2gDp_5997c95e62304.jpg]
[yoseph.com.br/wp-content/plugins/gravityforms/js/jquery.json.min5bf8.js]
[yoseph.com.br/wp-content/plugins/gravityforms/js/jquery.maskedinput.min5bf8.js]
[yoseph.com.br/wp-content/plugins/gravityforms/js/gravityforms.min5bf8.js]
[yoseph.com.br/wp-content/plugins/gravityforms/js/placeholders.jquery.min5bf8.js]
[www.multibot.com.br/uploads/blog/max/phpEKtqXk_59e8aa3b2ff86.jpg]
[yoseph.com.br/en/wp-json/oembed/1.0/embed9361]
[yoseph.com.br/en/be-a-partner/index.html]
[yoseph.com.br/wp-content/plugins/gravityforms/images/spinner.gif]
[yoseph.com.br/en/wp-json/oembed/1.0/embed702f]
[yoseph.com.br/en/register-your-ngo/index.html]
[yoseph.com.br/en/wp-json/oembed/1.0/embede9aa]
[yoseph.com.br/wp-content/plugins/js_composer/assets/lib/bower/animate-css/animate.min7752.css]
[yoseph.com.br/en/about-us/index.html]
[yoseph.com.br/wp-content/plugins/js_composer/assets/lib/waypoints/waypoints.min7752.js]
[yoseph.com.br/wp-content/plugins/Ultimate_VC_Addons/assets/min-js/custom.mina826.js]
[yoseph.com.br/en/wp-json/oembed/1.0/embed9093]
[yoseph.com.br/wp-content/uploads/2017/09/fundo-lateral-quem-somos475d.jpg]
[yoseph.com.br/en/how-it-works/index.html]
[yoseph.com.br/wp-content/uploads/2017/09/CEL.png]
[yoseph.com.br/en/wp-json/oembed/1.0/embed2c84]
[yoseph.com.br/en/our-nogs/index.html]
[yoseph.com.br/en/wp-json/oembed/1.0/embede270.json]
[yoseph.com.br/en/wp-json/oembed/1.0/embed48b1]
[yoseph.com.br/en/blog/index.html]
[yoseph.com.br/en/our-nogs/index8fe8.html]
[yoseph.com.br/en/our-nogs/index969a.html]
[yoseph.com.br/en/our-nogs/index87ad.html]
[yoseph.com.br/en/wp-json/oembed/1.0/embed0e60]
[yoseph.com.br/en/our-nogs/index8132.html]
[yoseph.com.br/en/user-support/index.html]
[yoseph.com.br/en/ongs/gaar/index.html]
[fonts.googleapis.com/cssd940.css]
[yoseph.com.br/en/ongs/pt-instituto-ingo-hoffman/index.html]
[yoseph.com.br/politica-de-privacidade/index.html]
[yoseph.com.br/termos-de-uso/index.html]
[gmpg.org/xfn/.html]
[gmpg.org/xfn/intro.html]
[yoseph.com.br/en/ongs/boldrini/index.html]
[gmpg.org/xfn/faq.html]
[yoseph.com.br/en/2017/09/13/index.html]
[gmpg.org/xfn/thanks.html]
[yoseph.com.br/en/ongs/pt-apascamp/index.html]
[rezoom.com.br/blog/wordpress_test_cookie=test; path=/index.html]
[s0.wp.com/_static/indexa77b.html]
[yoseph.com.br/en/ola-mundo/index.html]
[yoseph.com.br/en/politica-de-privacidade/index.html]
[yoseph.com.br/en/ongs/pt-cidade-dos-meninos/index.html]
[yoseph.com.br/en/termos-de-uso/index.html]
[s1.wp.com/wp-content/mu-plugins/genericons/genericons/Genericons.svg]
[s1.wp.com/_static/index4f1b.html]
[s2.wp.com/_static/indexa263.html]
[s1.wp.com/i/noticons/Noticons.svg]
[rezoom.com.br/2017/12/14/sexta-feira-15-de-dezembro/wordpress_test_cookie=test; path=/index.html]
[rezoom.com.br/2017/12/14/sexta-feira-15-de-dezembro/feed/index.html]
[rezoomvinidani.files.wordpress.com/2017/12/disney-fox8803.jpg]
[rezoom.com.br/2017/12/14/sexta-feira-15-de-dezembro/index.html]
[rezoom.com.br/category/sem-categoria/index.html]
[rezoomvinidani.files.wordpress.com/2017/12/anna2b15.gif]
[rezoom.com.br/author/canalrezoom/index.html]
[rezoom.com.br/category/sem-categoria/wordpress_test_cookie=test; path=/index.html]
[rezoom.com.br/category/sem-categoria/feed/index.html]
[s1.wp.com/wp-content/mu-plugins/highlander-comments/styleaa15.css]
[rezoom.com.br/author/canalrezoom/feed/index.html]
[rezoom.com.br/author/canalrezoom/wordpress_test_cookie=test; path=/index.html]
[rezoom.com.br/2017/12/13/quinta-feira-14-de-dezembro/wordpress_test_cookie=test; path=/index.html]
[rezoom.com.br/2017/12/13/quinta-feira-14-de-dezembro/feed/index.html]
[rezoomvinidani.files.wordpress.com/2017/12/iss3997.jpg]
[rezoomvinidani.files.wordpress.com/2017/12/counting-down-to-christmas-no-star-wars-6639338e726.png]
[rezoomvinidani.files.wordpress.com/2017/12/trip-restaurante7bf8.jpg]
[rezoom.com.br/2017/12/13/quinta-feira-14-de-dezembro/index.html]
[1.gravatar.com/avatar/ad516503a11cd5ca435acc9bb65235363b70.png]
[s2.wp.com/_static/index1575.html]
[rezoom.com.br/2017/12/12/156/wordpress_test_cookie=test; path=/index.html]
[rezoomvinidani.files.wordpress.com/2017/12/estudantes7b3a.jpg]
[rezoom.com.br/2017/12/12/156/feed/index.html]
[rezoom.com.br/2017/12/12/156/index.html]
[rezoomvinidani.files.wordpress.com/2017/12/celular-proibido1e14.gif]
[rezoom.com.br/2017/12/11/terca-feira-12-de-dezembro/wordpress_test_cookie=test; path=/index.html]
[rezoom.com.br/2017/12/11/terca-feira-12-de-dezembro/feed/index.html]
[rezoomvinidani.files.wordpress.com/2017/12/bombany7556.jpg]
[rezoom.com.br/2017/12/11/terca-feira-12-de-dezembro/index.html]
[rezoomvinidani.files.wordpress.com/2017/12/gif-gato7556.gif]
[rezoom.com.br/2017/12/10/rezoom-de-segunda-feira-dia-10-de-dezembro/wordpress_test_cookie=test; path=/index.html]
[s2.wp.com/_static/indexdc39.html]
[rezoomvinidani.files.wordpress.com/2017/12/psdb041-e1512931374873d004.jpg]
[rezoom.com.br/2017/12/10/rezoom-de-segunda-feira-dia-10-de-dezembro/index.html]
[rezoom.com.br/author/vipinheiro/index.html]
[rezoomvinidani.files.wordpress.com/2017/12/valente4c10.gif]
[rezoom.com.br/author/vipinheiro/wordpress_test_cookie=test; path=/index.html]
[rezoom.com.br/author/vipinheiro/feed/index.html]
[rezoom.com.br/2017/12/02/rio-40-graus/wordpress_test_cookie=test; path=/index.html]
[rezoomvinidani.files.wordpress.com/2017/12/cadeia-2be4a.jpg]
[rezoom.com.br/2017/12/02/rio-40-graus/index.html]
[rezoom.com.br/category/boletins/index.html]
[rezoomvinidani.files.wordpress.com/2017/12/guardanapos03e2.jpg]
[rezoom.com.br/2017/10/01/noticias-para-uma-geracao-conectada/index.html]
[rezoomvinidani.files.wordpress.com/2017/12/jovens-lendo31d7.jpg]
[rezoom.com.br/category/boletins/wordpress_test_cookie=test; path=/index.html]
[rezoom.com.br/sobre/wordpress_test_cookie=test; path=/index.html]
[rezoom.com.br/testimonial/wordpress_test_cookie=test; path=/index.html]
[rezoom.com.br/testimonial/indexd784.html]
[rezoom.com.br/category/boletins/feed/index.html]
[rezoom.com.br/contato/wordpress_test_cookie=test; path=/index.html]
[rezoom.com.br/para-uma-geracao-conectada/wordpress_test_cookie=test; path=/index.html]
[rezoom.com.br/inicio/wordpress_test_cookie=test; path=/index.html]
[www.multibot.com.br/blog/post/20.html]
[www.multibot.com.br/blog/post/19.html]
[www.multibot.com.br/blog/post/15.html]
[www.multibot.com.br/blog/post/14.html]
[www.multibot.com.br/blog/post/18.html]
[www.multibot.com.br/blog/post/16.html]
[www.multibot.com.br/blog/post/17.html]
[www.multibot.com.br/blog/post/13.html]
[www.multibot.com.br/blog/post/8.html]
[www.multibot.com.br/blog/post/9.html]
[yoseph.com.br/en/indexb5fb.html]
[yoseph.com.br/en/wp-json/oembed/1.0/embedbb45.json]
[yoseph.com.br/en/wp-json/oembed/1.0/embed9361]
[yoseph.com.br/seja-um-parceiro/index.html]
[rezoom.com.br/2017/10/01/noticias-para-uma-geracao-conectada/wordpress_test_cookie=test; path=/index.html]
[yoseph.com.br/pb/seja-um-parceiro/index.html]
[yoseph.com.br/en/index5757.html]
[yoseph.com.br/en/wp-json/oembed/1.0/embed07fa.json]
[yoseph.com.br/en/wp-json/oembed/1.0/embed702f]
[yoseph.com.br/cadastre-sua-ong/index.html]
[rezoom.com.br/testimonial/feed/index.html]
[yoseph.com.br/pb/cadastre-sua-ong/index.html]
[yoseph.com.br/en/indexa1ca.html]
[yoseph.com.br/en/wp-json/oembed/1.0/embed231d.json]
[yoseph.com.br/en/wp-json/oembed/1.0/embede9aa]
[yoseph.com.br/quem-somos/index.html]
[yoseph.com.br/pb/quem-somos/index.html]
[yoseph.com.br/en/index0735.html]
[yoseph.com.br/en/wp-json/oembed/1.0/embed5bae.json]
[yoseph.com.br/en/wp-json/oembed/1.0/embed9093]
[yoseph.com.br/como-funciona/index.html]
[yoseph.com.br/en/seja-um-parceiro/index.html]
[yoseph.com.br/pb/como-funciona/index.html]
[yoseph.com.br/en/index0345.html]
[yoseph.com.br/en/wp-json/oembed/1.0/embeda3c6.json]
[yoseph.com.br/en/wp-json/oembed/1.0/embed2c84]
[yoseph.com.br/nossas-ongs/index.html]
[yoseph.com.br/en/quem-somos/index.html]
[yoseph.com.br/pb/nossas-ongs/index.html]
[yoseph.com.br/en/our-nogs/index8fe8.html]
[yoseph.com.br/en/our-nogs/index87ad.html]
[yoseph.com.br/en/our-nogs/index969a.html]
[yoseph.com.br/en/cadastre-sua-ong/index.html]
[yoseph.com.br/en/our-nogs/index8132.html]
[yoseph.com.br/en/nossas-ongs/index.html]
[yoseph.com.br/en/como-funciona/index.html]
[yoseph.com.br/wp-content/plugins/Ultimate_VC_Addons/assets/min-css/tooltip.mina826.css]
[yoseph.com.br/en/wp-json/oembed/1.0/embedc930.json]
[yoseph.com.br/en/our-nogs/indexf1d0.html]
[yoseph.com.br/en/wp-json/oembed/1.0/embedf64e]
[yoseph.com.br/en/ongs/gaar/index.html]
[yoseph.com.br/en/our-nogs/indexbc92.html]
[yoseph.com.br/en/wp-json/oembed/1.0/embed680d.json]
[yoseph.com.br/en/wp-json/oembed/1.0/embed99eb]
[yoseph.com.br/en/ongs/boldrini/index.html]
[yoseph.com.br/nossas-ongs/index969a.html]
[yoseph.com.br/nossas-ongs/index8132.html]
[yoseph.com.br/en/wp-json/oembed/1.0/embedfaf6]
[yoseph.com.br/en/ongs/pt-instituto-ingo-hoffman/index.html]
[yoseph.com.br/en/our-nogs/indexd506.html]
[yoseph.com.br/en/our-nogs/index0566.html]
[yoseph.com.br/en/wp-json/oembed/1.0/embed5a62]
[yoseph.com.br/en/ongs/pt-cidade-dos-meninos/index.html]
[yoseph.com.br/ongs/boldrini/index.html]
[yoseph.com.br/ongs/cidade-dos-meninos/index.html]
[yoseph.com.br/en/wp-json/oembed/1.0/embed.15689be.delayed]
[yoseph.com.br/en/ongs/pt-apascamp/index.html]
[yoseph.com.br/en/indexbbc7.html]
[yoseph.com.br/blog/index.html]
[yoseph.com.br/pb/blog/index.html]
[yoseph.com.br/en/wp-json/oembed/1.0/embed3a94.json]
[yoseph.com.br/en/wp-json/oembed/1.0/embedb002]
[yoseph.com.br/en/ola-mundo/index.html]
[2.gravatar.com/avatar/ee24c72e809ab130e7073f219aa931bfc6b2.jpeg]
[yoseph.com.br/en/2017/09/13/index.html]
[yoseph.com.br/en/index2dc4.html]
[yoseph.com.br/en/wp-json/oembed/1.0/embedea17.json]
[yoseph.com.br/en/wp-json/oembed/1.0/embed0e60]
[yoseph.com.br/suporte-ao-usuario/index.html]
[yoseph.com.br/pb/suporte-ao-usuario/index.html]
[yoseph.com.br/en/suporte-ao-usuario/index.html]
[yoseph.com.br/en/category/sem-categoria/index.html]
[yoseph.com.br/en/author/yoseph/index.html]
[yoseph.com.br/en/pt-politica-de-privacidade/index.html]
[yoseph.com.br/en/wp-json/oembed/1.0/embed.15b1c3c.delayed]
[yoseph.com.br/en/politica-de-privacidade/index.html]
[yoseph.com.br/en/wp-json/oembed/1.0/embed0e27]
[yoseph.com.br/en/termos-de-uso/index.html]
[rezoom.com.br/2017/12/14/sexta-feira-15-de-dezembro/wordpress_test_cookie=test; path=/index.html]
[rezoom.com.br/xmlrpc.html]
[rezoom.com.br/2017/12/14/sexta-feira-15-de-dezembro/index9a7b.html]
[rezoom.com.br/2017/12/14/sexta-feira-15-de-dezembro/index5a58.html]
[rezoom.com.br/2017/12/14/sexta-feira-15-de-dezembro/index386f.html]
[rezoom.com.br/category/sem-categoria/wordpress_test_cookie=test; path=/index.html]
[rezoom.com.br/author/canalrezoom/wordpress_test_cookie=test; path=/index.html]
[rezoom.com.br/2017/12/13/quinta-feira-14-de-dezembro/wordpress_test_cookie=test; path=/index.html]
[rezoom.com.br/2017/12/13/quinta-feira-14-de-dezembro/index9a7b.html]
[rezoom.com.br/2017/12/13/quinta-feira-14-de-dezembro/index386f.html]
[yoseph.com.br/en/ter/index.html]
[s2.wp.com/_static/index1575.html]
[rezoom.com.br/2017/12/12/156/wordpress_test_cookie=test; path=/index.html]
[rezoom.com.br/2017/12/12/156/index9a7b.html]
[rezoom.com.br/2017/12/12/156/index5a58.html]
[rezoom.com.br/2017/12/12/156/index386f.html]
[rezoom.com.br/2017/12/11/terca-feira-12-de-dezembro/wordpress_test_cookie=test; path=/index.html]
[rezoom.com.br/2017/12/11/terca-feira-12-de-dezembro/index9a7b.html]
[rezoom.com.br/2017/12/11/terca-feira-12-de-dezembro/index5a58.html]
[rezoom.com.br/2017/12/11/terca-feira-12-de-dezembro/index386f.html]
[s2.wp.com/_static/indexdc39.html]
[rezoom.com.br/2017/12/10/rezoom-de-segunda-feira-dia-10-de-dezembro/wordpress_test_cookie=test; path=/index.html]
[rezoom.com.br/2017/12/10/rezoom-de-segunda-feira-dia-10-de-dezembro/index9a7b.html]
[rezoom.com.br/2017/12/10/rezoom-de-segunda-feira-dia-10-de-dezembro/index5a58.html]
[rezoom.com.br/2017/12/10/rezoom-de-segunda-feira-dia-10-de-dezembro/index386f.html]
[rezoom.com.br/author/vipinheiro/wordpress_test_cookie=test; path=/index.html]
[rezoom.com.br/2017/12/02/rio-40-graus/wordpress_test_cookie=test; path=/index.html]
[rezoom.com.br/2017/12/02/rio-40-graus/index9a7b.html]
[rezoom.com.br/2017/12/02/rio-40-graus/index5a58.html]
[rezoom.com.br/2017/12/02/rio-40-graus/index386f.html]
[rezoom.com.br/category/boletins/wordpress_test_cookie=test; path=/index.html]
[rezoom.com.br/2017/10/01/noticias-para-uma-geracao-conectada/wordpress_test_cookie=test; path=/index.html]
[rezoom.com.br/testimonial/feed/index.html]
[yoseph.com.br/en/seja-um-parceiro/index.html]
[yoseph.com.br/en/cadastre-sua-ong/index.html]
[yoseph.com.br/en/quem-somos/index.html]
[yoseph.com.br/en/como-funciona/index.html]
[yoseph.com.br/en/nossas-ongs/index.html]
[yoseph.com.br/nossas-ongs/index8fe8.html]
[yoseph.com.br/pb/nossas-ongs/index8fe8.html]
[yoseph.com.br/en/our-nogs/indexf1d0.html]
[yoseph.com.br/en/nossas-ongs/index521f.html]
[yoseph.com.br/en/our-nogs/indexbc92.html]
[yoseph.com.br/nossas-ongs/index87ad.html]
[yoseph.com.br/nossas-ongs/indexf1d0.html]
[yoseph.com.br/pb/nossas-ongs/index87ad.html]
[yoseph.com.br/nossas-ongs/index521f.html]
[yoseph.com.br/nossas-ongs/indexbc92.html]
[yoseph.com.br/nossas-ongs/index6930.html]
[yoseph.com.br/en/nossas-ongs/index6930.html]
[yoseph.com.br/wp-json/oembed/1.0/embed.15ffa50.delayed]
[yoseph.com.br/nossas-ongs/index969a.html]
[yoseph.com.br/pb/nossas-ongs/index969a.html]
[yoseph.com.br/feed/index.html]
[yoseph.com.br/wp-json/index.html]
[yoseph.com.br/nossas-ongs/index8132.html]
[yoseph.com.br/pb/nossas-ongs/index8132.html]
[yoseph.com.br/en/our-nogs/index0566.html]
[yoseph.com.br/nossas-ongs/index81cd.html]
[yoseph.com.br/en/our-nogs/indexd506.html]
[yoseph.com.br/en/indexd1a7.html]
[yoseph.com.br/ongs/gaar/index.html]
[yoseph.com.br/pb/ongs/gaar/index.html]
[yoseph.com.br/en/index913e.html]
[yoseph.com.br/wp-json/oembed/1.0/embed69cb.json]
[yoseph.com.br/nossas-ongs/index7577.html]
[yoseph.com.br/wp-json/oembed/1.0/embed5b64]
[yoseph.com.br/ongs/boldrini/index.html]
[yoseph.com.br/pb/ongs/boldrini/index.html]
[yoseph.com.br/en/indexd0b8.html]
[yoseph.com.br/en/wp-json/oembed/1.0/embeded5d.json]
[yoseph.com.br/en/wp-json/oembed/1.0/embedfaf6]
[yoseph.com.br/ongs/instituto-ingo-hoffman/index.html]
[yoseph.com.br/pb/ongs/instituto-ingo-hoffman/index.html]
[yoseph.com.br/en/index89a1.html]
[yoseph.com.br/en/wp-json/oembed/1.0/embedafa0.json]
[yoseph.com.br/en/wp-json/oembed/1.0/embed5a62]
[yoseph.com.br/nossas-ongs/index0566.html]
[yoseph.com.br/nossas-ongs/indexd506.html]
[yoseph.com.br/wp-json/oembed/1.0/embedad84.json]
[yoseph.com.br/ongs/cidade-dos-meninos/index.html]
[yoseph.com.br/pb/ongs/cidade-dos-meninos/index.html]
[yoseph.com.br/en/index486a.html]
[yoseph.com.br/en/wp-json/oembed/1.0/embed9947.json]
[yoseph.com.br/en/wp-json/oembed/1.0/embed89be]
[yoseph.com.br/ongs/apascamp/index.html]
[yoseph.com.br/pb/ongs/apascamp/index.html]
[yoseph.com.br/en/indexcff1.html]
[yoseph.com.br/ola-mundo/index.html]
[yoseph.com.br/pb/ola-mundo/index.html]
[yoseph.com.br/en/category/sem-categoria/index.html]
[yoseph.com.br/wp-json/oembed/1.0/embed7f8d]
[yoseph.com.br/wp-content/uploads/2017/09/cidade.jpg]
[yoseph.com.br/en/category/sem-categoria/feed/index.html]
[yoseph.com.br/wp-content/uploads/2017/09/apascamp.jpg]
[yoseph.com.br/wp-content/uploads/2017/09/instituto.jpg]
[yoseph.com.br/en/ongs/instituto-ingo-hoffman/index.html]
[yoseph.com.br/en/author/yoseph/index.html]
[yoseph.com.br/pb/2017/09/13/index.html]
[yoseph.com.br/en/suporte-ao-usuario/index.html]
[yoseph.com.br/en/pt-politica-de-privacidade/index.html]
[yoseph.com.br/en/index8e1b.html]
[yoseph.com.br/en/wp-json/oembed/1.0/embed7de3.json]
[yoseph.com.br/en/wp-json/oembed/1.0/embed1c3c]
[yoseph.com.br/pb/politica-de-privacidade/index.html]
[yoseph.com.br/en/ter/index.html]
[yoseph.com.br/en/index6233.html]
[yoseph.com.br/en/wp-json/oembed/1.0/embedad63.json]
[yoseph.com.br/en/wp-json/oembed/1.0/embed0e27]
[yoseph.com.br/pb/termos-de-uso/index.html]
[rezoom.com.br/2017/12/13/quinta-feira-14-de-dezembro/index5a58.html]
[yoseph.com.br/en/nossas-ongs/index521f.html]
[yoseph.com.br/nossas-ongs/index521f.html]
[yoseph.com.br/nossas-ongs/indexf1d0.html]
[yoseph.com.br/pb/nossas-ongs/indexf1d0.html]
[yoseph.com.br/en/author/yoseph/feed/index.html]
[yoseph.com.br/en/ongs/apascamp/index.html]
[yoseph.com.br/nossas-ongs/indexbc92.html]
[yoseph.com.br/pb/nossas-ongs/indexbc92.html]
[yoseph.com.br/en/nossas-ongs/index6930.html]
[yoseph.com.br/nossas-ongs/index6930.html]
[yoseph.com.br/index0345.html]
[yoseph.com.br/wp-json/oembed/1.0/embed0be2.json]
[yoseph.com.br/wp-json/oembed/1.0/embedfa50]
[yoseph.com.br/nossas-ongs/index7577.html]
[yoseph.com.br/nossas-ongs/index0566.html]
[yoseph.com.br/nossas-ongs/indexd506.html]
[yoseph.com.br/nossas-ongs/index81cd.html]
[yoseph.com.br/pb/nossas-ongs/index0566.html]
[yoseph.com.br/nossas-ongs/index3b0f.html]
[yoseph.com.br/pb/nossas-ongs/indexd506.html]
[yoseph.com.br/2017/09/13/index.html]
[yoseph.com.br/index913e.html]
[yoseph.com.br/en/ongs/instituto-ingo-hoffman/index.html]
[yoseph.com.br/index89a1.html]
[yoseph.com.br/en/ongs/apascamp/index.html]
[yoseph.com.br/category/sem-categoria/index.html]
[yoseph.com.br/pb/category/sem-categoria/index.html]
[yoseph.com.br/pb/author/yoseph/index.html]
[yoseph.com.br/nossas-ongs/index1b6e.html]
[yoseph.com.br/2017/09/13/index.html]
[yoseph.com.br/nossas-ongs/index3b0f.html]
[yoseph.com.br/nossas-ongs/index1b6e.html]
[yoseph.com.br/nossas-ongs/indexbb9c.html]
[yoseph.com.br/nossas-ongs/index20b0.html]
[yoseph.com.br/nossas-ongs/index20b0.html]
[yoseph.com.br/nossas-ongs/indexbb9c.html]
[yoseph.com.br/author/yoseph/index.html]
[yoseph.com.br/author/yoseph/index.html]
[yoseph.com.br/author/yoseph/feed/index.html]
[www.multibot.com.br/media/css/img/home1.jpg]
[www.multibot.com.br/media/fonts/glyphicons-halflings-regular.eot]
[www.multibot.com.br/media/fonts/glyphicons-halflings-regulard41d.eot]
[www.multibot.com.br/media/fonts/glyphicons-halflings-regular.woff]
[client.crisp.chat/l.js]
[www.multibot.com.br/media/fonts/glyphicons-halflings-regular.ttf]
[www.facebook.com/tr2739.gif]
[cryptoguess.co/js/bundle.js]
[www.multibot.com.br/media/fonts/glyphicons-halflings-regular.svg]
[rezoom.com.br/feed/index.html]
[rezoom.com.br/comments/feed/index.html]
[www.multibot.com.br/media/css/bootstrap.min28b8.css]
[rec.smartlook.com/recorder.js]
[s1.wp.com/wp-includes/wlwmanifest.xml]
[rezoom.com.br/osd.xml]
[s1.wp.com/opensearch.xml]
[www.multibot.com.br/lib/font-awesome/fonts/fontawesome-webfont3e6e.eot]
[rezoomvinidani.files.wordpress.com/2018/01/cropped-rz-c3adcone-app-276ca.png]
[rezoomvinidani.files.wordpress.com/2018/01/cropped-rz-c3adcone-app-29939.png]
[rezoomvinidani.files.wordpress.com/2018/01/cropped-rz-c3adcone-app-2ad83.png]
[www.multibot.com.br/lib/font-awesome/fonts/fontawesome-webfontd41d.eot]
[rezoomvinidani.files.wordpress.com/2017/12/cropped-rz.png]
[rezoomvinidani.files.wordpress.com/2017/12/pexels-photo-268964-e15145702805530734.jpg]
[rezoomvinidani.files.wordpress.com/2018/01/pexels-photo-556959-20734.jpg]
[www.multibot.com.br/lib/font-awesome/fonts/fontawesome-webfont3e6e.html]
[rezoomvinidani.files.wordpress.com/2018/01/teenssmartphone_custom-88cb895aee6f4c2127d2a33a27bf211a071ca5e7-s900-c85b52e.jpg]
[rezoomvinidani.files.wordpress.com/2017/12/keyboard-1804305_1280-e15145703915030734.jpg]
[rezoomvinidani.files.wordpress.com/2017/12/keyboard-1804305_1280-e15145703915036329.jpg]
[www.multibot.com.br/lib/font-awesome/fonts/fontawesome-webfont3e6e.woff]
[rezoomvinidani.files.wordpress.com/2017/12/biaa562.jpg]
[rezoomvinidani.files.wordpress.com/2017/12/pexels-photo-268964-e15145702805536329.jpg]
[rezoomvinidani.files.wordpress.com/2017/12/cecc3adliaa562.jpg]
[www.multibot.com.br/lib/font-awesome/fonts/fontawesome-webfont3e6e.ttf]
[pixel.wp.com/b0b80.gif]
[rezoom.com.br/wp-content/plugins/ie-sitemode/custom-jumplist.php]
[www.multibot.com.br/lib/font-awesome/css/font-awesome.min28b8.css]
[www.multibot.com.br/media/css/pto28b8.css]
[www.multibot.com.br/lib/font-awesome/fonts/fontawesome-webfont3e6e.svg]
[www.multibot.com.br/uploads/blog/med/php5n7HMJ_5a1dbfcd597be.jpg]
[www.multibot.com.br/uploads/blog/med/phpFGjuXP_5a2eb776033fc.jpg]
[www.multibot.com.br/media/fonts/opensans.ttf]
[www.multibot.com.br/media/fonts/opensans-semibold.ttf]
[www.multibot.com.br/uploads/blog/med/phpyZcdgJ_5a0f1800705f3.jpg]
[www.multibot.com.br/media/css/img/plataforma-sprite.png]
[www.multibot.com.br/uploads/blog/med/phpMnzSAG_5a05e574141fa.jpg]
[www.multibot.com.br/media/css/img/balao.png]
[www.multibot.com.br/uploads/blog/med/phpmoMrpf_5a05e60fae60b.jpg]
[www.multibot.com.br/media/css/img/conheca-sprite.png]
[www.multibot.com.br/media/css/img/cadastro.jpg]
[www.multibot.com.br/uploads/blog/med/phpgkEIto_5a33ba3712a0a.jpg]
[www.multibot.com.br/media/css/img/check.png]
[www.multibot.com.br/media/css/img/social-spritea82f.png]
[www.multibot.com.br/media/css/style28b8.css]
[www.multibot.com.br/conheca.html]
[www.multibot.com.br/uploads/blog/med/phpReoKf2_5997c5199427d.jpg]
[www.multibot.com.br/cadastro.html]
[www.multibot.com.br/multi.html]
[www.multibot.com.br/uploads/blog/med/phpEKtqXk_59e8aa3b2ff86.jpg]
[www.multibot.com.br/termos.html]
[yoseph.com.br/en/feed/index.html]
[www.multibot.com.br/restserver.17a.delayed]
[yoseph.com.br/wp-includes/js/jquery/jquery-migrate.min330a.js]
[connect.facebook.net/pt_BR/sdk.js]
[yoseph.com.br/wp-content/plugins/revslider/public/assets/js/jquery.themepunch.tools.min8ab9.js]
[connect.facebook.net/en_US/fbevents.js]
[yoseph.com.br/wp-includes/js/jquery/jqueryb8ff.js]
[yoseph.com.br/wp-content/plugins/revslider/public/assets/js/jquery.themepunch.revolution.min8ab9.js]
[www.app-vruuum.com.br/assets/plugins/bootstrap/fonts/glyphicons-halflings-regular.eot]
[www.app-vruuum.com.br/assets/plugins/bootstrap/fonts/glyphicons-halflings-regulard41d.eot]
[www.app-vruuum.com.br/assets/plugins/bootstrap/fonts/glyphicons-halflings-regular.woff]
[yoseph.com.br/wp-content/themes/dt-the7/js/above-the-fold.minc225.js]
[www.app-vruuum.com.br/assets/plugins/bootstrap/css/bootstrap.min.css]
[yoseph.com.br/wp-content/plugins/Ultimate_VC_Addons/assets/min-js/ultimate-params.mina826.js]
[www.app-vruuum.com.br/assets/plugins/font-awesome/fonts/fontawesome-webfont5b62.eot]
[www.app-vruuum.com.br/assets/plugins/font-awesome/fonts/fontawesome-webfontd41d.eot]
[yoseph.com.br/wp-content/plugins/Ultimate_VC_Addons/assets/min-js/slick-custom.mina826.js]
[yoseph.com.br/wp-content/plugins/Ultimate_VC_Addons/assets/min-js/slick.mina826.js]
[www.app-vruuum.com.br/assets/plugins/font-awesome/fonts/fontawesome-webfont5b62.woff]
[yoseph.com.br/wp-content/plugins/Ultimate_VC_Addons/assets/min-js/jquery-appear.mina826.js]
[yoseph.com.br/en/wp-json/index.html]
[www.app-vruuum.com.br/assets/plugins/font-awesome/css/font-awesome.css]
[www.app-vruuum.com.br/assets/plugins/flexslider/fonts/flexslider-icon.eot]
[www.app-vruuum.com.br/assets/plugins/flexslider/fonts/flexslider-icon.woff]
[www.app-vruuum.com.br/assets/plugins/flexslider/flexslider.css]
[www.app-vruuum.com.br/assets/plugins/animate-css/animate.min.css]
[yoseph.com.br/wp-includes/wlwmanifest.xml]
[www.app-vruuum.com.br/assets/images/patterns/pattern-1.png]
[yoseph.com.br/wp-content/uploads/2017/10/flor.png]
[yoseph.com.br/wp-content/plugins/qtranslate-x/flags/br.png]
[yoseph.com.br/wp-content/plugins/qtranslate-x/flags/gb.png]
[www.app-vruuum.com.br/assets/images/home/Background.png]
[www.app-vruuum.com.br/assets/images/buttons/btn-app-store.png]
[www.app-vruuum.com.br/assets/images/buttons/btn-google-play.png]
[www.app-vruuum.com.br/assets/images/arrows/up-arrow-left.png]
[www.app-vruuum.com.br/assets/images/arrows/up-arrow-right.png]
[yoseph.com.br/wp-content/uploads/2017/09/ic_logo_nav.png]
[www.app-vruuum.com.br/assets/images/glow.png]
[www.app-vruuum.com.br/assets/images/android/android-black.png]
[www.app-vruuum.com.br/assets/images/ipad/ipad-black.png]
[yoseph.com.br/wp-content/uploads/2017/09/DWS-2074-Startup-Badge-ALPHA-05-1.png]
[www.app-vruuum.com.br/assets/images/ipad/ipad-white.png]
[www.app-vruuum.com.br/assets/images/iphone/iphone-black-landscape.png]
[www.app-vruuum.com.br/assets/images/iphone/iphone-white.png]
[www.app-vruuum.com.br/assets/images/android/android-black-landscape.png]
[yoseph.com.br/wp-content/uploads/2017/09/icone1.jpg]
[www.app-vruuum.com.br/assets/images/arrows/down-arrow-left.png]
[yoseph.com.br/wp-content/uploads/2017/09/icone2-1.jpg]
[www.app-vruuum.com.br/assets/images/arrows/down-arrow-right.png]
[www.app-vruuum.com.br/assets/css/styles.css]
[www.app-vruuum.com.br/vrum-entregador/index.html]
[yoseph.com.br/wp-content/uploads/2017/09/icone3.jpg]
[yoseph.com.br/wp-content/uploads/2017/09/gaar.jpg]
[yoseph.com.br/wp-content/uploads/2017/09/logo-rodape.png]
[yoseph.com.br/wp-content/uploads/2017/09/boldrini.jpg]
[yoseph.com.br/en/index.html]
[cryptoguess.co/vendor/bootstrap/css/bootstrap.min.css]
[yoseph.com.br/wp-content/themes/dt-the7/js/main.minc225.js]
[cryptoguess.co/vendor/font-awesome/fonts/fontawesome-webfont3e6e.eot]
[yoseph.com.br/wp-content/themes/dt-the7/js/post-typec225.js]
[cryptoguess.co/vendor/font-awesome/fonts/fontawesome-webfontd41d.eot]
[yoseph.com.br/wp-content/plugins/scroll-to-anchor/js/scroll-to-anchor.minee45.js]
[cryptoguess.co/vendor/font-awesome/fonts/fontawesome-webfont3e6e.woff2]
[cryptoguess.co/vendor/font-awesome/fonts/fontawesome-webfont3e6e.woff]
[yoseph.com.br/wp-includes/js/wp-embed.minee45.js]
[cryptoguess.co/vendor/font-awesome/fonts/fontawesome-webfont3e6e.ttf]
[cryptoguess.co/vendor/font-awesome/css/font-awesome.min.css]
[cryptoguess.co/images/blockchain3-bg.jpg]
[yoseph.com.br/wp-content/plugins/js_composer/assets/js/dist/js_composer_front.min7752.js]
[cryptoguess.co/images/blockchain2-bg.jpg]
[cryptoguess.co/css/grayscale.min.css]
[s1.wp.com/wp-content/plugins/custom-fonts/js/webfont.js]
[rezoomvinidani.wordpress.com/index.html]
[rezoomvinidani.files.wordpress.com/2017/12/disney-fox4a80.jpg]
[rezoomvinidani.files.wordpress.com/2017/12/iss4a80.jpg]
[rezoomvinidani.files.wordpress.com/2017/12/estudantesa699.jpg]
[rezoomvinidani.files.wordpress.com/2017/12/bombany4a80.jpg]
[s0.wp.com/wp-content/mu-plugins/global-print/global-printa1cf.css]
[rezoomvinidani.files.wordpress.com/2017/12/psdb041-e15129313748734a80.jpg]
[rezoomvinidani.wordpress.com/xmlrpc0db0.html]
[rezoomvinidani.files.wordpress.com/2017/12/cadeia-2f350.jpg]
[rezoom.com.br/blog/index.html]
[rezoomvinidani.files.wordpress.com/2017/12/foto-mobile4a80.jpg]
[rezoomvinidani.files.wordpress.com/2018/01/mc3a1quina-antiga9b31.jpg]
[rezoomvinidani.files.wordpress.com/2018/01/tc3aanis-rosa9b31.jpg]
[rezoomvinidani.files.wordpress.com/2017/12/pexels-photo-268964-e15145702805539b31.jpg]
[rezoom.com.br/inicio/index.html]
[rezoomvinidani.files.wordpress.com/2017/12/leitura-de-jornais-023b4a.png]
[rezoomvinidani.files.wordpress.com/2017/12/keyboard-1804305_1280-e15145703915039b31.jpg]
[rezoomvinidani.files.wordpress.com/2018/01/pexels-photo-556959-29b31.jpg]
[pixel.wp.com/g9818.gif]
[0.gravatar.com/js/gprofiles6900.js]
[www.arquivos.vwi.com.br/Multibot/infografico-imposto-de-renda.pdf]
[s1.wp.com/wp-content/mu-plugins/gravatar-hovercards/wpgrohoc3b6.js]
[www.multibot.com.br/media/img/modal-infografico.jpg]
[rezoom.com.br/g.1a8.delayed]
[rezoom.com.br/c.1a9.delayed]
[www.multibot.com.br/uploads/blog/max/phpFGjuXP_5a2eb776033fc.jpg]
[pixel.wp.com/t.gif]
[stats.wp.com/w9f61.js]
[www.multibot.com.br/blog/post/20/como-a-queda-da-selic-impacta-seus-investimentos.html]
[www.multibot.com.br/uploads/blog/max/php5n7HMJ_5a1dbfcd597be.jpg]
[www.multibot.com.br/blog/post/19/7-erros-que-investidores-iniciantes-cometem-na-bolsa-da-valores.html]
[www.multibot.com.br/blog/post/18/submarino--o-segundo-robo-do-multibot.html]
[www.arquivos.vwi.com.br/Multibot/grafico-estrategia-correcao-post.png]
[www.multibot.com.br/blog/post/17/5-vantagens-de-utilizar-um-robo-investidor.html]
[www.multibot.com.br/uploads/blog/max/phpyZcdgJ_5a0f1800705f3.jpg]
[www.multibot.com.br/blog/post/16/apollo11--conheca-e-utilize-o-primeiro-robo-simulador-do-multibot.html]
[www.multibot.com.br/blog/post/15/entenda-como-funciona-o-imposto-de-renda-no-mercado-de-acoes.html]
[www.multibot.com.br/uploads/blog/max/phpMnzSAG_5a05e574141fa.jpg]
[www.multibot.com.br/blog/post/13/saiba-como-funciona-a-automacao-de-investimentos.html]
[www.multibot.com.br/uploads/blog/min/phpEKtqXk_59e8aa3b2ff86.jpg]
[www.multibot.com.br/blog/post/14/ibovespa-supera-71-mil-pontos-e-chega-a-nivel-historico.html]
[www.multibot.com.br/blog/post/8/multibot-vs-fundos-de-investimento--qual-a-diferenca.html]
[www.multibot.com.br/uploads/blog/max/phpmoMrpf_5a05e60fae60b.jpg]
[www.multibot.com.br/blog/post/9/mais-tempo-para-o-que-importa-e-um-dos-objetivos-do-multibot-para-voce.html]
[www.arquivos.vwi.com.br/newsletter/darf.png]
[www.arquivos.vwi.com.br/Multibot/previa-infografico-ir-multibot.png]
[www.multibot.com.br/media/js/jquery.numeric28b8.html]
[www.multibot.com.br/uploads/blog/max/phpgkEIto_5a33ba3712a0a.jpg]
[www.app-vruuum.com.br/vrum-entregador/assets/plugins/bootstrap/fonts/glyphicons-halflings-regular.eot]
[www.app-vruuum.com.br/vrum-entregador/assets/plugins/bootstrap/fonts/glyphicons-halflings-regulard41d.eot]
[www.app-vruuum.com.br/vrum-entregador/assets/plugins/bootstrap/fonts/glyphicons-halflings-regular.woff]
[www.app-vruuum.com.br/vrum-entregador/assets/plugins/bootstrap/css/bootstrap.min.css]
[www.app-vruuum.com.br/vrum-entregador/assets/plugins/font-awesome/fonts/fontawesome-webfont5b62.eot]
[www.app-vruuum.com.br/vrum-entregador/assets/plugins/font-awesome/fonts/fontawesome-webfontd41d.eot]
[www.app-vruuum.com.br/vrum-entregador/assets/plugins/font-awesome/fonts/fontawesome-webfont5b62.woff]
[www.multibot.com.br/uploads/blog/max/phpEKtqXk_59e8aa3b2ff86.jpg]
[www.multibot.com.br/uploads/blog/max/phpReoKf2_5997c5199427d.jpg]
[www.app-vruuum.com.br/vrum-entregador/assets/plugins/font-awesome/css/font-awesome.css]
[www.app-vruuum.com.br/vrum-entregador/assets/plugins/flexslider/fonts/flexslider-icon.eot]
[www.app-vruuum.com.br/vrum-entregador/assets/plugins/flexslider/fonts/flexslider-icond41d.eot]
[www.app-vruuum.com.br/vrum-entregador/assets/plugins/flexslider/fonts/flexslider-icon.woff]
[yoseph.com.br/wp-content/plugins/gravityforms/js/jquery.json.min5bf8.js]
[www.app-vruuum.com.br/vrum-entregador/assets/plugins/flexslider/flexslider.css]
[www.multibot.com.br/uploads/blog/max/phpTK2gDp_5997c95e62304.jpg]
[www.app-vruuum.com.br/vrum-entregador/assets/plugins/animate-css/animate.min.css]
[www.app-vruuum.com.br/vrum-entregador/assets/images/patterns/pattern-1.png]
[www.app-vruuum.com.br/vrum-entregador/assets/images/patterns/asfalto_pattern.jpg]
[yoseph.com.br/wp-content/plugins/gravityforms/js/gravityforms.min5bf8.js]
[www.app-vruuum.com.br/vrum-entregador/assets/images/home/Background.png]
[yoseph.com.br/wp-content/plugins/gravityforms/js/jquery.maskedinput.min5bf8.js]
[yoseph.com.br/wp-content/plugins/gravityforms/js/placeholders.jquery.min5bf8.js]
[www.app-vruuum.com.br/vrum-entregador/assets/images/buttons/btn-app-store.png]
[www.app-vruuum.com.br/vrum-entregador/assets/images/buttons/btn-google-play.png]
[www.app-vruuum.com.br/vrum-entregador/assets/images/arrows/up-arrow-left.png]
[www.app-vruuum.com.br/vrum-entregador/assets/images/arrows/up-arrow-right.png]
[www.app-vruuum.com.br/vrum-entregador/assets/images/glow.png]
[yoseph.com.br/wp-content/plugins/gravityforms/images/spinner.gif]
[www.app-vruuum.com.br/vrum-entregador/assets/images/android/android-black.png]
[www.app-vruuum.com.br/vrum-entregador/assets/images/ipad/ipad-black.png]
[www.app-vruuum.com.br/vrum-entregador/assets/images/ipad/ipad-white.png]
[yoseph.com.br/wp-content/plugins/js_composer/assets/lib/waypoints/waypoints.min7752.js]
[www.app-vruuum.com.br/vrum-entregador/assets/images/iphone/iphone-black-landscape.png]
[www.app-vruuum.com.br/vrum-entregador/assets/images/iphone/iphone-white.png]
[yoseph.com.br/wp-content/plugins/Ultimate_VC_Addons/assets/min-js/custom.mina826.js]
[www.app-vruuum.com.br/vrum-entregador/assets/images/android/android-black-landscape.png]
[www.app-vruuum.com.br/vrum-entregador/assets/images/arrows/down-arrow-left.png]
[www.app-vruuum.com.br/vrum-entregador/assets/images/arrows/down-arrow-right.png]
[yoseph.com.br/wp-content/uploads/2017/09/fundo-lateral-quem-somos475d.jpg]
[www.app-vruuum.com.br/vrum-entregador/assets/css/styles.css]
[www.app-vruuum.com.br/index-2.html]
[www.app-vruuum.com.br/vrum-entregador/assets/docs/Vruuum_Manual da Marca.html]
[rezoom.com.br/2017/12/14/sexta-feira-15-de-dezembro/feed/index.html]
[yoseph.com.br/xmlrpc.php]
[yoseph.com.br/wp-content/plugins/revslider/public/assets/fonts/revicons/revicons90c6.eot]
[yoseph.com.br/wp-content/plugins/revslider/public/assets/fonts/revicons/revicons90c6.woff]
[yoseph.com.br/wp-content/plugins/revslider/public/assets/fonts/revicons/revicons90c6.ttf]
[yoseph.com.br/wp-content/plugins/revslider/public/assets/css/openhand.cur]
[yoseph.com.br/wp-content/plugins/revslider/public/assets/css/closedhand.cur]
[yoseph.com.br/wp-content/plugins/revslider/public/assets/assets/gridtile.png]
[yoseph.com.br/wp-content/plugins/revslider/public/assets/assets/gridtile_white.png]
[yoseph.com.br/wp-content/plugins/revslider/public/assets/assets/gridtile_3x3.png]
[yoseph.com.br/wp-content/plugins/revslider/public/assets/assets/gridtile_3x3_white.png]
[yoseph.com.br/wp-content/uploads/2017/09/CEL.png]
[yoseph.com.br/wp-content/plugins/revslider/public/assets/assets/coloredbg.png]
[rezoomvinidani.files.wordpress.com/2017/12/disney-fox8803.jpg]
[yoseph.com.br/wp-content/plugins/revslider/public/assets/css/settings8ab9.css]
[yoseph.com.br/wp-content/plugins/revslider/public/assets/assets/loader.gif]
[rezoom.com.br/category/sem-categoria/feed/index.html]
[rezoom.com.br/author/canalrezoom/feed/index.html]
[yoseph.com.br/wp-content/plugins/qtranslate-slug/assets/css/qts-defaultee45.css]
[rezoom.com.br/2017/12/13/quinta-feira-14-de-dezembro/feed/index.html]
[yoseph.com.br/wp-content/plugins/js_composer/assets/vc/alert.png]
[yoseph.com.br/wp-content/plugins/js_composer/assets/vc/info.png]
[rezoomvinidani.files.wordpress.com/2017/12/anna2b15.gif]
[rezoomvinidani.files.wordpress.com/2017/12/iss3997.jpg]
[yoseph.com.br/wp-content/plugins/js_composer/assets/vc/tick.png]
[yoseph.com.br/wp-content/plugins/js_composer/assets/vc/exclamation.png]
[yoseph.com.br/wp-content/plugins/js_composer/assets/images/icons/address-book.png]
[rezoomvinidani.files.wordpress.com/2017/12/counting-down-to-christmas-no-star-wars-6639338e726.png]
[yoseph.com.br/wp-content/plugins/js_composer/assets/images/icons/alarm-clock.png]
[yoseph.com.br/wp-content/plugins/js_composer/assets/images/icons/anchor.png]
[rezoom.com.br/2017/12/12/156/feed/index.html]
[yoseph.com.br/wp-content/plugins/js_composer/assets/images/icons/application-image.png]
[yoseph.com.br/wp-content/plugins/js_composer/assets/images/icons/arrow.png]
[yoseph.com.br/wp-content/plugins/js_composer/assets/images/icons/asterisk.png]
[rezoomvinidani.files.wordpress.com/2017/12/trip-restaurante7bf8.jpg]
[yoseph.com.br/wp-content/plugins/js_composer/assets/images/icons/auction-hammer.png]
[yoseph.com.br/wp-content/plugins/js_composer/assets/images/icons/balloon.png]
[yoseph.com.br/wp-content/plugins/js_composer/assets/images/icons/balloon-buzz.png]
[yoseph.com.br/wp-content/plugins/js_composer/assets/images/icons/balloon-facebook.png]
[yoseph.com.br/wp-content/plugins/js_composer/assets/images/icons/balloon-twitter.png]
[yoseph.com.br/wp-content/plugins/js_composer/assets/images/icons/battery-full.png]
[1.gravatar.com/avatar/ad516503a11cd5ca435acc9bb65235363b70.png]
[yoseph.com.br/wp-content/plugins/js_composer/assets/images/icons/binocular.png]
[yoseph.com.br/wp-content/plugins/js_composer/assets/images/icons/blue-document-excel.png]
[yoseph.com.br/wp-content/plugins/js_composer/assets/images/icons/blue-document-image.png]
[yoseph.com.br/wp-content/plugins/js_composer/assets/images/icons/blue-document-music.png]
[rezoom.com.br/2017/12/11/terca-feira-12-de-dezembro/feed/index.html]
[yoseph.com.br/wp-content/plugins/js_composer/assets/images/icons/blue-document-office.png]
[yoseph.com.br/wp-content/plugins/js_composer/assets/images/icons/blue-document-pdf.png]
[yoseph.com.br/wp-content/plugins/js_composer/assets/images/icons/blue-document-powerpoint.png]
[yoseph.com.br/wp-content/plugins/js_composer/assets/images/icons/blue-document-word.png]
[yoseph.com.br/wp-content/plugins/js_composer/assets/images/icons/bookmark.png]
[yoseph.com.br/wp-content/plugins/js_composer/assets/images/icons/camcorder.png]
[yoseph.com.br/wp-content/plugins/js_composer/assets/images/icons/camera.png]
[yoseph.com.br/wp-content/plugins/js_composer/assets/images/icons/chart.png]
[yoseph.com.br/wp-content/plugins/js_composer/assets/images/icons/chart-pie.png]
[yoseph.com.br/wp-content/plugins/js_composer/assets/images/icons/clock.png]
[yoseph.com.br/wp-content/plugins/js_composer/assets/images/icons/control.png]
[yoseph.com.br/wp-content/plugins/js_composer/assets/images/icons/fire.png]
[yoseph.com.br/wp-content/plugins/js_composer/assets/images/icons/heart.png]
[yoseph.com.br/wp-content/plugins/js_composer/assets/images/icons/mail.png]
[yoseph.com.br/wp-content/plugins/js_composer/assets/images/icons/plus-shield.png]
[yoseph.com.br/wp-content/plugins/js_composer/assets/images/icons/video.png]
[yoseph.com.br/wp-content/plugins/js_composer/assets/fonts/vc_icons/fonts/VC-Icons8309.ttf]
[yoseph.com.br/wp-content/plugins/js_composer/assets/fonts/vc_icons/fonts/VC-Icons8309.woff]
[rezoomvinidani.files.wordpress.com/2017/12/estudantes7b3a.jpg]
[yoseph.com.br/wp-content/plugins/js_composer/assets/images/toggle_open.png]
[yoseph.com.br/wp-content/plugins/js_composer/assets/images/toggle_close.png]
[yoseph.com.br/wp-content/plugins/js_composer/assets/images/flickr.png]
[yoseph.com.br/wp-content/plugins/js_composer/assets/fonts/vc_grid/vc_grid_v157a1.eot]
[yoseph.com.br/wp-content/plugins/js_composer/assets/fonts/vc_grid/vc_grid_v1d41d.eot]
[yoseph.com.br/wp-content/plugins/js_composer/assets/fonts/vc_grid/vc_grid_v157a1.woff]
[yoseph.com.br/wp-content/plugins/js_composer/assets/fonts/vc_grid/vc_grid_v157a1.ttf]
[yoseph.com.br/wp-content/plugins/js_composer/assets/images/spinner.gif]
[yoseph.com.br/wp-content/plugins/js_composer/assets/css/js_composer.min7752.css]
[yoseph.com.br/wp-content/plugins/js_composer/assets/vc/remove.png]
[rezoomvinidani.files.wordpress.com/2017/12/celular-proibido1e14.gif]
[yoseph.com.br/wp-content/themes/dt-the7/images/default-skin.png]
[rezoomvinidani.files.wordpress.com/2017/12/bombany7556.jpg]
[rezoomvinidani.files.wordpress.com/2017/12/gif-gato7556.gif]
[rezoom.com.br/author/vipinheiro/feed/index.html]
[rezoomvinidani.files.wordpress.com/2017/12/psdb041-e1512931374873d004.jpg]
[rezoomvinidani.files.wordpress.com/2017/12/valente4c10.gif]
[yoseph.com.br/wp-content/themes/dt-the7/css/mCSB_buttons.png]
[rezoom.com.br/category/boletins/feed/index.html]
[rezoomvinidani.files.wordpress.com/2017/12/cadeia-2be4a.jpg]
[rezoomvinidani.files.wordpress.com/2017/12/guardanapos03e2.jpg]
[yoseph.com.br/en/wp-content/themes/dt-the7/css/fonts/icomoon-arrows-the7-32x32718c.eot]
[rezoomvinidani.files.wordpress.com/2017/12/jovens-lendo31d7.jpg]
[2.gravatar.com/avatar/ee24c72e809ab130e7073f219aa931bfc6b2.jpeg]
[yoseph.com.br/en/category/sem-categoria/feed/index.html]
[yoseph.com.br/en/author/yoseph/feed/index.html]
[yoseph.com.br/en/wp-content/themes/dt-the7/css/fonts/icomoon-arrows-the7-32x32.20e718c.delayed]
[yoseph.com.br/wp-content/uploads/2017/09/cidade.jpg]
[yoseph.com.br/wp-content/uploads/2017/09/apascamp.jpg]
[yoseph.com.br/wp-content/uploads/2017/09/instituto.jpg]
[www.multibot.com.br/lib/font-awesome/fonts/fontawesome-webfontd41d.eot]
[yoseph.com.br/en/wp-content/themes/dt-the7/css/fonts/icomoon-arrows-the7-32x32718c.woff]
[www.multibot.com.br/lib/font-awesome/fonts/fontawesome-webfont3e6e.eot]
[www.multibot.com.br/lib/font-awesome/fonts/fontawesome-webfont3e6e.woff]
[www.multibot.com.br/lib/font-awesome/fonts/fontawesome-webfont3e6e.ttf]
[www.multibot.com.br/media/fonts/opensans-semibold.ttf]
[yoseph.com.br/wp-content/themes/dt-the7/css/fonts/icomoon-arrows-the7-32x32718c.svg]
[www.multibot.com.br/media/css/img/cadastro.jpg]
[yoseph.com.br/wp-content/themes/dt-the7/fonts/icomoon-the7-social/fonts/icomoon-the7-social-icons-16x16da0c.eot]
[yoseph.com.br/en/wp-content/themes/dt-the7/fonts/icomoon-the7-social-icons-16x16.214da0c.delayed]
[yoseph.com.br/wp-content/themes/dt-the7/fonts/icomoon-the7-social/fonts/icomoon-the7-social-icons-16x16da0c.ttf]
[yoseph.com.br/wp-content/themes/dt-the7/fonts/icomoon-the7-social/fonts/icomoon-the7-social-icons-16x16da0c.woff]
[yoseph.com.br/wp-content/themes/dt-the7/css/main.minc225.css]
[yoseph.com.br/wp-content/themes/dt-the7/fonts/FontAwesome/fonts/fontawesome-webfont3e6e.eot]
[yoseph.com.br/wp-content/themes/dt-the7/fonts/FontAwesome/fonts/fontawesome-webfontd41d.eot]
[www.multibot.com.br/ABCDEFGHIJKLMNOPQRSTUVWXYZabcdefghijklmnopqrstuvwxyz0123456789+/index.html]
[www.multibot.com.br/^([^_/indexd41d.html]
[yoseph.com.br/wp-content/themes/dt-the7/fonts/FontAwesome/fonts/fontawesome-webfont3e6e.woff]
[yoseph.com.br/wp-content/themes/dt-the7/fonts/FontAwesome/fonts/fontawesome-webfont3e6e.ttf]
[www.multibot.com.br/dialog/index.html]
[yoseph.com.br/wp-content/themes/dt-the7/fonts/FontAwesome/css/font-awesome.minc225.css]
[yoseph.com.br/wp-content/themes/dt-the7/fonts/FontAwesome/fonts/fontawesome-webfont3e6e.woff2]
[yoseph.com.br/wp-content/themes/dt-the7/fonts/fontello/font/fontello6fbf.eot]
[yoseph.com.br/wp-content/themes/dt-the7/fonts/fontello/font/fontello6fbf.woff]
[yoseph.com.br/wp-content/themes/dt-the7/fonts/fontello/font/fontello6fbf.ttf]
[yoseph.com.br/wp-content/themes/dt-the7/fonts/fontello/css/fontello.minc225.css]
[yoseph.com.br/wp-content/themes/dt-the7/fonts/icomoon-arrows-the7/fonts/icomoon-arrows-carousel-32x323159.eot]
[yoseph.com.br/wp-content/themes/dt-the7/fonts/icomoon-arrows-the7/fonts/icomoon-arrows-carousel-32x32.2233159.delayed]
[www.app-vruuum.com.br/assets/plugins/flexslider/fonts/flexslider-icond41d.eot]
[yoseph.com.br/wp-content/themes/dt-the7/fonts/icomoon-arrows-the7/fonts/icomoon-arrows-carousel-32x323159.woff]
[yoseph.com.br/wp-content/themes/dt-the7/fonts/icomoon-arrows-the7/style.minc225.css]
[yoseph.com.br/wp-content/themes/dt-the7/images/mask.png]
[yoseph.com.br/wp-content/themes/dt-the7/css/post-typec225.css]
[yoseph.com.br/wp-content/uploads/2017/09/rodape-fundo.jpg]
[yoseph.com.br/wp-content/uploads/wp-less/dt-the7/css/custom-6119bd8b9fc225.css]
[yoseph.com.br/wp-content/uploads/wp-less/dt-the7/css/media-6119bd8b9fc225.css]
[yoseph.com.br/wp-content/uploads/wp-less/dt-the7/css/post-type-dynamic-6119bd8b9fc225.css]
[yoseph.com.br/wp-content/themes/dt-the7/stylec225.css]
[yoseph.com.br/wp-content/uploads/smile_fonts/Defaults/Defaults21ea.eot]
[yoseph.com.br/wp-content/uploads/smile_fonts/Defaults/Defaultsd41d.eot]
[yoseph.com.br/wp-content/uploads/smile_fonts/Defaults/Defaults21ea.woff]
[yoseph.com.br/wp-content/uploads/smile_fonts/Defaults/Defaults21ea.ttf]
[yoseph.com.br/wp-content/uploads/smile_fonts/Defaults/Defaultsee45.css]
[yoseph.com.br/wp-content/plugins/Ultimate_VC_Addons/assets/min-css/style.mina826.css]
[yoseph.com.br/wp-content/plugins/Ultimate_VC_Addons/assets/min-css/ajax-loader.gif]
[yoseph.com.br/wp-content/plugins/Ultimate_VC_Addons/assets/min-css/fonts/slick.eot]
[yoseph.com.br/wp-content/plugins/Ultimate_VC_Addons/assets/min-css/fonts/slick.woff]
[yoseph.com.br/wp-content/plugins/Ultimate_VC_Addons/assets/min-css/fonts/slick.ttf]
[yoseph.com.br/wp-content/plugins/Ultimate_VC_Addons/assets/min-css/slick.mina826.css]
[yoseph.com.br/wp-content/plugins/Ultimate_VC_Addons/assets/css/fonts/ult-silk.eot]
[yoseph.com.br/wp-content/plugins/Ultimate_VC_Addons/assets/css/fonts/ult-silk.woff]
[pixel.wp.com/t.gif]
[yoseph.com.br/wp-content/plugins/Ultimate_VC_Addons/assets/css/fonts/ult-silk.ttf]
[yoseph.com.br/wp-content/plugins/Ultimate_VC_Addons/assets/css/iconsa826.css]
[yoseph.com.br/wp-content/plugins/Ultimate_VC_Addons/assets/min-css/animate.mina826.css]
[rezoom.com.br/ABCDEFGHIJKLMNOPQRSTUVWXYZabcdefghijklmnopqrstuvwxyz0123456789+/index.html]
[yoseph.com.br/en/be-a-partner/index.html]
[yoseph.com.br/en/about-us/index.html]
[yoseph.com.br/politica-de-privacidade/index.html]
[yoseph.com.br/wp-content/plugins/js_composer/assets/lib/bower/font-awesome/fonts/fontawesome-webfont5b62.eot]
[pixel.wp.com/g9818.gif]
[yoseph.com.br/wp-content/plugins/js_composer/assets/lib/bower/font-awesome/fonts/fontawesome-webfont.237d41d.delayed]
[yoseph.com.br/wp-content/plugins/js_composer/assets/lib/bower/font-awesome/fonts/fontawesome-webfont5b62.woff]
[yoseph.com.br/wp-content/plugins/js_composer/assets/lib/bower/font-awesome/fonts/fontawesome-webfont5b62.woff2]
[yoseph.com.br/wp-content/plugins/js_composer/assets/lib/bower/font-awesome/fonts/fontawesome-webfont5b62.ttf]
[yoseph.com.br/wp-content/plugins/revslider/public/assets/fonts/revicons/revicons90c6.woff]
[yoseph.com.br/wp-content/plugins/js_composer/assets/lib/bower/font-awesome/css/font-awesome.min7752.css]
[gmpg.org/xfn/default.css]
[rezoom.com.br/category/sem-categoria/index.html]
[yoseph.com.br/wp-content/plugins/revslider/public/assets/fonts/revicons/revicons90c6.eot]
[rezoom.com.br/2017/12/12/156/index.html]
[yoseph.com.br/wp-content/plugins/revslider/public/assets/fonts/revicons/revicons90c6.ttf]
[yoseph.com.br/wp-content/plugins/revslider/public/assets/css/openhand.cur]
[yoseph.com.br/wp-content/plugins/revslider/public/assets/assets/gridtile_3x3.png]
[rezoom.com.br/2017/12/11/terca-feira-12-de-dezembro/index.html]
[yoseph.com.br/wp-content/plugins/revslider/public/assets/css/closedhand.cur]
[yoseph.com.br/wp-content/plugins/revslider/public/assets/assets/gridtile.png]
[rezoom.com.br/2017/12/10/rezoom-de-segunda-feira-dia-10-de-dezembro/index.html]
[yoseph.com.br/wp-content/plugins/revslider/public/assets/assets/gridtile_white.png]
[rezoom.com.br/author/vipinheiro/index.html]
[rezoom.com.br/category/boletins/index.html]
[yoseph.com.br/wp-content/plugins/revslider/public/assets/assets/gridtile_3x3_white.png]
[yoseph.com.br/wp-content/plugins/revslider/public/assets/assets/coloredbg.png]
[s1.wp.com/wp-content/mu-plugins/carousel/images/arrows.png]
[yoseph.com.br/wp-content/plugins/revslider/public/assets/assets/loader.gif]
[s1.wp.com/wp-content/mu-plugins/carousel/images/arrows-2x.png]
[s1.wp.com/wp-content/mu-plugins/carousel/images/carousel-spritee4da.png]
[s1.wp.com/wp-content/mu-plugins/carousel/jetpack-carousel5243.css]
[s1.wp.com/wp-content/mu-plugins/carousel/images/carousel-sprite-2xe4da.png]
[yoseph.com.br/wp-content/plugins/js_composer/assets/vc/alert.png]
[s1.wp.com/wp-content/mu-plugins/responsive-videos/responsive-videos3554.css]
[rezoom.com.br/testimonial/wordpress_test_cookie=test; path=/index.html]
[yoseph.com.br/wp-content/plugins/js_composer/assets/vc/tick.png]
[rezoom.com.br/contato/wordpress_test_cookie=test; path=/index.html]
[yoseph.com.br/wp-content/plugins/js_composer/assets/vc/exclamation.png]
[s0.wp.com/wp-content/mu-plugins/grunion-contact-form/css/grunion95bd.css]
[yoseph.com.br/wp-content/plugins/js_composer/assets/images/icons/alarm-clock.png]
[rezoom.com.br/inicio/wordpress_test_cookie=test; path=/index.html]
[www.multibot.com.br/blog/post/20.html]
[www.multibot.com.br/blog/post/19.html]
[www.multibot.com.br/blog/post/18.html]
[yoseph.com.br/wp-content/plugins/js_composer/assets/images/icons/anchor.png]
[www.multibot.com.br/blog/post/17.html]
[www.multibot.com.br/blog/post/8.html]
[yoseph.com.br/wp-content/plugins/js_composer/assets/images/icons/address-book.png]
[yoseph.com.br/wp-content/plugins/gravityforms/css/formreset.min5bf8.css]
[yoseph.com.br/wp-content/plugins/js_composer/assets/images/icons/application-image.png]
[yoseph.com.br/wp-content/plugins/gravityforms/images/chosen-sprite.png]
[yoseph.com.br/wp-content/plugins/gravityforms/images/chosen-sprite-2x.png]
[yoseph.com.br/wp-content/plugins/gravityforms/css/formsmain.min5bf8.css]
[yoseph.com.br/wp-content/plugins/gravityforms/images/gf-creditcard-icons.png]
[yoseph.com.br/wp-content/plugins/js_composer/assets/images/icons/auction-hammer.png]
[yoseph.com.br/wp-content/plugins/gravityforms/css/readyclass.min5bf8.css]
[yoseph.com.br/wp-content/plugins/js_composer/assets/images/icons/arrow.png]
[yoseph.com.br/wp-content/plugins/gravityforms/css/browsers.min5bf8.css]
[yoseph.com.br/en/indexb5fb.html]
[yoseph.com.br/en/index5757.html]
[yoseph.com.br/wp-content/plugins/js_composer/assets/images/icons/balloon-buzz.png]
[yoseph.com.br/wp-content/plugins/js_composer/assets/lib/bower/animate-css/animate.min7752.css]
[yoseph.com.br/en/index0735.html]
[yoseph.com.br/pb/como-funciona/index.html]
[yoseph.com.br/en/index0345.html]
[yoseph.com.br/blog/index.html]
[yoseph.com.br/wp-content/plugins/js_composer/assets/images/icons/balloon-facebook.png]
[s1.wp.com/wp-content/mu-plugins/genericons/genericons/Genericons.svg]
[yoseph.com.br/wp-content/plugins/js_composer/assets/images/icons/asterisk.png]
[s1.wp.com/i/noticons/Noticons.svg]
[yoseph.com.br/wp-content/plugins/js_composer/assets/images/icons/balloon.png]
[rezoom.com.br/xmlrpc.html]
[rezoom.com.br/2017/12/14/sexta-feira-15-de-dezembro/index9a7b.html]
[rezoom.com.br/author/canalrezoom/wordpress_test_cookie=test; path=/index.html]
[rezoom.com.br/2017/12/13/quinta-feira-14-de-dezembro/wordpress_test_cookie=test; path=/index.html]
[yoseph.com.br/wp-content/plugins/js_composer/assets/images/icons/balloon-twitter.png]
[yoseph.com.br/wp-content/plugins/js_composer/assets/images/icons/battery-full.png]
[yoseph.com.br/wp-content/plugins/js_composer/assets/images/icons/binocular.png]
[s1.wp.com/wp-content/mu-plugins/post-flair/sharing/images/icon-wordpress.png]
[yoseph.com.br/wp-content/plugins/js_composer/assets/images/icons/blue-document-excel.png]
[yoseph.com.br/wp-content/plugins/js_composer/assets/images/icons/blue-document-image.png]
[yoseph.com.br/wp-content/plugins/js_composer/assets/images/icons/blue-document-music.png]
[s1.wp.com/wp-content/mu-plugins/post-flair/sharing/images/icon-twitter.png]
[yoseph.com.br/wp-content/plugins/js_composer/assets/images/icons/blue-document-office.png]
[yoseph.com.br/wp-content/plugins/js_composer/assets/images/icons/blue-document-pdf.png]
[yoseph.com.br/wp-content/plugins/js_composer/assets/images/icons/blue-document-word.png]
[s1.wp.com/wp-content/mu-plugins/post-flair/sharing/images/icon-facebook.png]
[yoseph.com.br/wp-content/plugins/js_composer/assets/images/icons/camcorder.png]
[yoseph.com.br/wp-content/plugins/js_composer/assets/images/icons/camera.png]
[yoseph.com.br/wp-content/plugins/js_composer/assets/images/icons/bookmark.png]
[yoseph.com.br/wp-content/plugins/js_composer/assets/images/icons/chart.png]
[s1.wp.com/wp-content/mu-plugins/post-flair/sharing/images/googleplus1.png]
[yoseph.com.br/wp-content/plugins/js_composer/assets/images/icons/chart-pie.png]
[yoseph.com.br/wp-content/plugins/js_composer/assets/images/icons/clock.png]
[yoseph.com.br/wp-content/plugins/js_composer/assets/images/icons/fire.png]
[yoseph.com.br/wp-content/plugins/js_composer/assets/images/icons/heart.png]
[s1.wp.com/wp-content/mu-plugins/post-flair/sharing/images/icon-wordpress-2x.png]
[s1.wp.com/wp-content/mu-plugins/post-flair/sharing/images/icon-twitter-2x.png]
[yoseph.com.br/wp-content/plugins/js_composer/assets/images/icons/control.png]
[yoseph.com.br/wp-content/plugins/js_composer/assets/images/icons/video.png]
[yoseph.com.br/wp-content/plugins/js_composer/assets/images/icons/mail.png]
[s1.wp.com/wp-content/mu-plugins/post-flair/sharing/images/icon-facebook-2x.png]
[s1.wp.com/wp-content/mu-plugins/post-flair/sharing/images/googleplus1@2x.png]
[yoseph.com.br/wp-content/plugins/js_composer/assets/images/icons/plus-shield.png]
[s1.wp.com/wp-content/mu-plugins/highlander-comments/images/postto-buttons.png]
[s1.wp.com/wp-content/mu-plugins/highlander-comments/images/button-back.gif]
[yoseph.com.br/wp-content/plugins/js_composer/assets/fonts/vc_icons/fonts/VC-Icons8309.ttf]
[s1.wp.com/wp-content/mu-plugins/highlander-comments/images/button-back-over.gif]
[s1.wp.com/wp-content/mu-plugins/highlander-comments/images/loader.gif]
[s1.wp.com/wp-content/mu-plugins/highlander-comments/styleaa15.css]
[rezoom.com.br/2017/12/13/quinta-feira-14-de-dezembro/index9a7b.html]
[yoseph.com.br/wp-content/plugins/js_composer/assets/fonts/vc_icons/fonts/VC-Icons8309.woff]
[s2.wp.com/_static/index1575.html]
[yoseph.com.br/wp-content/plugins/js_composer/assets/images/toggle_close.png]
[rezoom.com.br/2017/12/12/156/index9a7b.html]
[rezoom.com.br/2017/12/11/terca-feira-12-de-dezembro/index9a7b.html]
[rezoom.com.br/2017/12/10/rezoom-de-segunda-feira-dia-10-de-dezembro/index9a7b.html]
[yoseph.com.br/wp-content/plugins/js_composer/assets/images/toggle_open.png]
[rezoom.com.br/2017/12/02/rio-40-graus/wordpress_test_cookie=test; path=/index.html]
[rezoom.com.br/2017/12/02/rio-40-graus/index9a7b.html]
[rezoom.com.br/2017/10/01/noticias-para-uma-geracao-conectada/wordpress_test_cookie=test; path=/index.html]
[rezoom.com.br/testimonial/feed/index.html]
[yoseph.com.br/wp-content/plugins/js_composer/assets/fonts/vc_grid/vc_grid_v157a1.eot]
[yoseph.com.br/wp-content/plugins/Ultimate_VC_Addons/assets/min-css/tooltip.mina826.css]
[yoseph.com.br/ongs/gaar/index.html]
[yoseph.com.br/ongs/boldrini/index.html]
[yoseph.com.br/ola-mundo/index.html]
[yoseph.com.br/pb/2017/09/13/index.html]
[yoseph.com.br/index0345.html]
[yoseph.com.br/wp-content/plugins/js_composer/assets/fonts/vc_grid/vc_grid_v157a1.woff]
[yoseph.com.br/en/ongs/instituto-ingo-hoffman/index.html]
[yoseph.com.br/wp-content/plugins/js_composer/assets/fonts/vc_grid/vc_grid_v1d41d.eot]
[yoseph.com.br/wp-content/plugins/js_composer/assets/images/flickr.png]
[yoseph.com.br/en/ongs/apascamp/index.html]
[yoseph.com.br/category/sem-categoria/index.html]
[yoseph.com.br/pb/author/yoseph/index.html]
[yoseph.com.br/2017/09/13/index.html]
[yoseph.com.br/wp-content/plugins/js_composer/assets/vc/remove.png]
[www.multibot.com.br/media/fonts/glyphicons-halflings-regular.html]
[yoseph.com.br/wp-content/themes/dt-the7/images/default-skin.png]
[www.multibot.com.br/media/fonts/glyphicons-halflings-regulard41d.html]
[yoseph.com.br/wp-content/plugins/js_composer/assets/images/spinner.gif]
[www.multibot.com.br/media/fonts/glyphicons-halflings-regular-2.html]
[yoseph.com.br/wp-content/plugins/js_composer/assets/fonts/vc_grid/vc_grid_v157a1.ttf]
[www.multibot.com.br/media/fonts/glyphicons-halflings-regular-3.html]
[yoseph.com.br/wp-content/themes/dt-the7/fonts/icomoon-the7-social/fonts/icomoon-the7-social-icons-16x16da0c.woff]
[www.multibot.com.br/media/fonts/glyphicons-halflings-regular-4.html]
[yoseph.com.br/wp-content/themes/dt-the7/fonts/icomoon-the7-social/fonts/icomoon-the7-social-icons-16x16da0c.ttf]
[www.multibot.com.br/lib/font-awesome/fonts/fontawesome-webfont3e6e.html]
[yoseph.com.br/wp-content/themes/dt-the7/fonts/icomoon-the7-social/fonts/icomoon-the7-social-icons-16x16da0c.eot]
[www.multibot.com.br/lib/font-awesome/fonts/fontawesome-webfont3e6e.svg]
[yoseph.com.br/wp-content/themes/dt-the7/fonts/FontAwesome/fonts/fontawesome-webfont3e6e.woff2]
[www.multibot.com.br/media/fonts/opensans.html]
[yoseph.com.br/wp-content/themes/dt-the7/fonts/FontAwesome/fonts/fontawesome-webfont3e6e.woff]
[www.multibot.com.br/ABCDEFGHIJKLMNOPQRSTUVWXYZabcdefghijklmnopqrstuvwxyz0123456789+/index.html]
[yoseph.com.br/wp-content/themes/dt-the7/fonts/FontAwesome/fonts/fontawesome-webfont3e6e.ttf]
[www.multibot.com.br/^([^_/indexd41d.html]
[yoseph.com.br/wp-content/themes/dt-the7/fonts/FontAwesome/fonts/fontawesome-webfont3e6e.eot]
[www.multibot.com.br/restserver.html]
[yoseph.com.br/wp-content/themes/dt-the7/fonts/FontAwesome/fonts/fontawesome-webfontd41d.eot]
[www.multibot.com.br/dialog/index.html]
[yoseph.com.br/wp-content/themes/dt-the7/fonts/fontello/font/fontello6fbf.woff]
[www.app-vruuum.com.br/assets/plugins/bootstrap/fonts/glyphicons-halflings-regular.html]
[yoseph.com.br/wp-content/themes/dt-the7/fonts/icomoon-arrows-the7/fonts/icomoon-arrows-carousel-32x323159.ttf]
[www.app-vruuum.com.br/assets/plugins/bootstrap/fonts/glyphicons-halflings-regular-2.html]
[yoseph.com.br/wp-content/themes/dt-the7/fonts/icomoon-arrows-the7/fonts/icomoon-arrows-carousel-32x323159.eot]
[www.app-vruuum.com.br/assets/plugins/bootstrap/fonts/glyphicons-halflings-regular.svg]
[yoseph.com.br/wp-content/themes/dt-the7/fonts/fontello/font/fontello6fbf.eot]
[www.app-vruuum.com.br/assets/plugins/font-awesome/fonts/fontawesome-webfont5b62.html]
[yoseph.com.br/wp-content/themes/dt-the7/fonts/fontello/font/fontello6fbf.ttf]
[www.app-vruuum.com.br/assets/plugins/font-awesome/fonts/fontawesome-webfont5b62-2.html]
[yoseph.com.br/wp-content/themes/dt-the7/fonts/icomoon-arrows-the7/fonts/icomoon-arrows-carousel-32x323159.woff]
[www.app-vruuum.com.br/assets/plugins/font-awesome/fonts/fontawesome-webfont5b62.svg]
[yoseph.com.br/wp-content/uploads/2017/09/rodape-fundo.jpg]
[www.app-vruuum.com.br/assets/plugins/flexslider/fonts/flexslider-icon.html]
[yoseph.com.br/wp-content/uploads/smile_fonts/Defaults/Defaults21ea.eot]
[www.app-vruuum.com.br/assets/plugins/flexslider/fonts/flexslider-icon.svg]
[yoseph.com.br/wp-content/themes/dt-the7/images/mask.png]
[www.app-vruuum.com.br/assets/images/patterns/asfalto_pattern.html]
[yoseph.com.br/wp-content/uploads/smile_fonts/Defaults/Defaults21ea.ttf]
[cryptoguess.co/vendor/font-awesome/fonts/fontawesome-webfont3e6e.svg]
[yoseph.com.br/wp-content/uploads/smile_fonts/Defaults/Defaults21ea.woff]
[rezoom.com.br/ABCDEFGHIJKLMNOPQRSTUVWXYZabcdefghijklmnopqrstuvwxyz0123456789+/index.html]
[yoseph.com.br/wp-content/uploads/smile_fonts/Defaults/Defaultsd41d.eot]
[rezoom.com.br/g.html]
[yoseph.com.br/wp-content/plugins/Ultimate_VC_Addons/assets/min-css/fonts/slickd41d.eot]
[rezoom.com.br/c.html]
[yoseph.com.br/wp-content/plugins/Ultimate_VC_Addons/assets/min-css/ajax-loader.gif]
[www.app-vruuum.com.br/vrum-entregador/assets/plugins/bootstrap/fonts/glyphicons-halflings-regular.html]
[yoseph.com.br/wp-content/plugins/Ultimate_VC_Addons/assets/min-css/fonts/slick.eot]
[www.app-vruuum.com.br/vrum-entregador/assets/plugins/bootstrap/fonts/glyphicons-halflings-regular-2.html]
[yoseph.com.br/wp-content/plugins/Ultimate_VC_Addons/assets/min-css/fonts/slick.woff]
[www.app-vruuum.com.br/vrum-entregador/assets/plugins/bootstrap/fonts/glyphicons-halflings-regular.svg]
[yoseph.com.br/wp-content/plugins/Ultimate_VC_Addons/assets/min-css/fonts/slick.ttf]
[www.app-vruuum.com.br/vrum-entregador/assets/plugins/font-awesome/fonts/fontawesome-webfont5b62.html]
[yoseph.com.br/wp-content/plugins/Ultimate_VC_Addons/assets/css/fonts/ult-silk.eot]
[www.app-vruuum.com.br/vrum-entregador/assets/plugins/font-awesome/fonts/fontawesome-webfont5b62-2.html]
[yoseph.com.br/wp-content/plugins/js_composer/assets/lib/bower/font-awesome/fonts/fontawesome-webfontd41d.eot]
[www.app-vruuum.com.br/vrum-entregador/assets/plugins/font-awesome/fonts/fontawesome-webfont5b62.svg]
[yoseph.com.br/wp-content/plugins/Ultimate_VC_Addons/assets/css/fonts/ult-silk.woff]
[www.app-vruuum.com.br/vrum-entregador/assets/plugins/flexslider/fonts/flexslider-icon.html]
[yoseph.com.br/wp-content/plugins/js_composer/assets/lib/bower/font-awesome/fonts/fontawesome-webfont5b62.woff]
[www.app-vruuum.com.br/vrum-entregador/assets/plugins/flexslider/fonts/flexslider-icon.svg]
[yoseph.com.br/wp-content/plugins/js_composer/assets/lib/bower/font-awesome/fonts/fontawesome-webfont5b62.eot]
[yoseph.com.br/wp-content/plugins/Ultimate_VC_Addons/assets/css/fonts/ult-silk.ttf]
[yoseph.com.br/wp-content/plugins/revslider/public/assets/fonts/revicons/revicons90c6.svg]
[yoseph.com.br/wp-content/plugins/js_composer/assets/lib/bower/font-awesome/fonts/fontawesome-webfont5b62.woff2]
[yoseph.com.br/wp-content/plugins/js_composer/assets/lib/bower/font-awesome/fonts/fontawesome-webfont5b62.ttf]
[s1.wp.com/wp-content/mu-plugins/carousel/images/arrows.png]
[yoseph.com.br/wp-content/plugins/js_composer/assets/fonts/vc_icons/fonts/VC-Icons8309.svg]
[s1.wp.com/wp-content/mu-plugins/carousel/images/arrows-2x.png]
[yoseph.com.br/wp-content/plugins/js_composer/assets/fonts/vc_grid/vc_grid_v157a1.svg]
[s1.wp.com/wp-content/mu-plugins/carousel/images/carousel-spritee4da.png]
[yoseph.com.br/wp-content/themes/dt-the7/css/mCSB_buttons.html]
[yoseph.com.br/wp-content/plugins/gravityforms/images/chosen-sprite-2x.png]
[yoseph.com.br/en/wp-content/themes/dt-the7/css/fonts/icomoon-arrows-the7-32x32718c.html]
[s1.wp.com/wp-content/mu-plugins/carousel/images/carousel-sprite-2xe4da.png]
[yoseph.com.br/en/wp-content/themes/dt-the7/css/fonts/icomoon-arrows-the7-32x32718c-2.html]
[yoseph.com.br/wp-content/plugins/gravityforms/images/chosen-sprite.png]
[yoseph.com.br/en/wp-content/themes/dt-the7/css/fonts/icomoon-arrows-the7-32x32718c-3.html]
[yoseph.com.br/wp-content/themes/dt-the7/css/fonts/icomoon-arrows-the7-32x32718c.html]
[yoseph.com.br/en/wp-content/themes/dt-the7/fonts/icomoon-the7-social-icons-16x16da0c.html]
[yoseph.com.br/wp-content/plugins/gravityforms/images/gf-creditcard-icons.png]
[yoseph.com.br/wp-content/themes/dt-the7/fonts/icomoon-the7-social/fonts/icomoon-the7-social-icons-16x16da0c.svg]
[yoseph.com.br/wp-content/themes/dt-the7/fonts/FontAwesome/fonts/fontawesome-webfont3e6e.svg]
[yoseph.com.br/wp-content/themes/dt-the7/fonts/fontello/font/fontello6fbf.svg]
[s1.wp.com/wp-content/mu-plugins/post-flair/sharing/images/icon-wordpress.png]
[yoseph.com.br/wp-content/themes/dt-the7/fonts/icomoon-arrows-the7/fonts/icomoon-arrows-carousel-32x323159.svg]
[s1.wp.com/wp-content/mu-plugins/post-flair/sharing/images/icon-twitter.png]
[yoseph.com.br/wp-content/uploads/smile_fonts/Defaults/Defaults21ea.svg]
[s1.wp.com/wp-content/mu-plugins/post-flair/sharing/images/icon-wordpress-2x.png]
[yoseph.com.br/wp-content/plugins/Ultimate_VC_Addons/assets/min-css/fonts/slick.svg]
[s1.wp.com/wp-content/mu-plugins/highlander-comments/images/postto-buttons.png]
[yoseph.com.br/wp-content/plugins/Ultimate_VC_Addons/assets/css/fonts/ult-silk.svg]
[yoseph.com.br/wp-content/plugins/js_composer/assets/lib/bower/font-awesome/fonts/fontawesome-webfont5b62.svg]
